
> syncos@0.1.0 typecheck
> npm run typecheck --workspaces --if-present


> @syncos/api@0.1.0 typecheck
> npm run build:deps && tsc --noEmit


> @syncos/api@0.1.0 build:deps
> npm run build -w @syncos/auth && npm run build -w @syncos/database && npm run build -w @syncos/events && npm run build -w @syncos/permissions && npm run build -w @syncos/shared


> @syncos/auth@0.1.0 build
> tsc


> @syncos/database@0.1.0 build
> tsc


> @syncos/events@0.1.0 build
> tsc


> @syncos/permissions@0.1.0 build
> tsc


> @syncos/shared@0.1.0 build
> tsc


> @syncos/web@0.1.0 typecheck
> tsc --noEmit


> @syncos/worker@0.1.0 typecheck
> npm run build:deps && tsc --noEmit


> @syncos/worker@0.1.0 build:deps
> npm run build -w @syncos/shared


> @syncos/shared@0.1.0 build
> tsc


> @syncos/auth@0.1.0 typecheck
> tsc --noEmit


> @syncos/database@0.1.0 typecheck
> tsc --noEmit


> @syncos/events@0.1.0 typecheck
> tsc --noEmit


> @syncos/permissions@0.1.0 typecheck
> tsc --noEmit


> @syncos/shared@0.1.0 typecheck
> tsc --noEmit


> @syncos/ui@0.1.0 typecheck
> tsc --noEmit


> @syncos/workflows@0.1.0 typecheck
> tsc --noEmit

npm notice
npm notice New major version of npm available! 10.9.3 -> 12.2.0
npm notice Changelog: https://github.com/npm/cli/releases/tag/v12.2.0
npm notice To update run: npm install -g npm@12.2.0
npm notice
