
> syncos@0.1.0 test
> node --test tests/*.test.js

TAP version 13
# Subtest: proxy preserves multipart file bytes and downloaded PDF bytes
ok 1 - proxy preserves multipart file bytes and downloaded PDF bytes
  ---
  duration_ms: 504.962075
  type: 'test'
  ...
# Subtest: proxy supports empty successful responses
ok 2 - proxy supports empty successful responses
  ---
  duration_ms: 25.30468
  type: 'test'
  ...
# Subtest: postgres remote backup invokes AWS CLI for archive, manifest and verification and propagates failures
ok 3 - postgres remote backup invokes AWS CLI for archive, manifest and verification and propagates failures
  ---
  duration_ms: 3920.428939
  type: 'test'
  ...
# Subtest: files remote backup invokes AWS CLI for archive, manifest and verification and propagates failures
ok 4 - files remote backup invokes AWS CLI for archive, manifest and verification and propagates failures
  ---
  duration_ms: 3678.624458
  type: 'test'
  ...
# {"timestamp":"2026-10-04T21:48:54.033Z","category":"Event","message":"event_created","tenantId":"32a78e2d-460c-4a58-b0d8-dba93252af88","actorUserId":"69b2bdb7-ce40-4053-b9a1-eb8c8cb6f784","eventId":"54669fda-6fd6-4b3f-afb8-dd3ce84e092e","eventType":"commercial_terms.approved","aggregateType":"commercial_terms_revision","aggregateId":"efd5e62f-19d8-4bf2-8e64-6b28e39ae288"}
# {"timestamp":"2026-10-04T21:48:54.036Z","category":"Audit","message":"audit_log_created","tenantId":"32a78e2d-460c-4a58-b0d8-dba93252af88","actorUserId":"69b2bdb7-ce40-4053-b9a1-eb8c8cb6f784","action":"commercial_terms.approve","entityType":"commercial_terms_revision","entityId":"efd5e62f-19d8-4bf2-8e64-6b28e39ae288"}
# Subtest: contract approval persists immutable rate snapshots, rejects stale previews and preserves historical data
ok 5 - contract approval persists immutable rate snapshots, rejects stale previews and preserves historical data
  ---
  duration_ms: 84.30363
  type: 'test'
  ...
# Subtest: Net 14 starts at invoice acceptance, not issue, and preserves local time across daylight saving
ok 6 - Net 14 starts at invoice acceptance, not issue, and preserves local time across daylight saving
  ---
  duration_ms: 8.611691
  type: 'test'
  ...
# Subtest: unapproved or incomplete terms cannot silently become Net 30 or zero retainage
ok 7 - unapproved or incomplete terms cannot silently become Net 30 or zero retainage
  ---
  duration_ms: 2.406553
  type: 'test'
  ...
# Subtest: rate approval rejects overlapping unit aliases and snapshots immutable rates
ok 8 - rate approval rejects overlapping unit aliases and snapshots immutable rates
  ---
  duration_ms: 0.938157
  type: 'test'
  ...
# Subtest: invoice retainage rounds at cents and never exceeds subtotal
ok 9 - invoice retainage rounds at cents and never exceeds subtotal
  ---
  duration_ms: 0.36031
  type: 'test'
  ...
# Subtest: approval preview detects any changed agreement or rate while ignoring rate ordering
ok 10 - approval preview detects any changed agreement or rate while ignoring rate ordering
  ---
  duration_ms: 3.189924
  type: 'test'
  ...
# Subtest: invoice integrity rejects changed quantities, prices, duplicate work and mismatched line retainage
ok 11 - invoice integrity rejects changed quantities, prices, duplicate work and mismatched line retainage
  ---
  duration_ms: 1.930697
  type: 'test'
  ...
# Subtest: four-decimal source rates preserve the original line extension, rounding only final cents
ok 12 - four-decimal source rates preserve the original line extension, rounding only final cents
  ---
  duration_ms: 0.891995
  type: 'test'
  ...
# Subtest: business-day terms skip weekends and approved holidays and refuse an exhausted calendar
ok 13 - business-day terms skip weekends and approved holidays and refuse an exhausted calendar
  ---
  duration_ms: 8.343142
  type: 'test'
  ...
# Subtest: separate receipts have separate maturity dates and cumulative rounding never creates extra pennies
ok 14 - separate receipts have separate maturity dates and cumulative rounding never creates extra pennies
  ---
  duration_ms: 3.326246
  type: 'test'
  ...
# {"timestamp":"2026-10-04T21:48:54.224Z","category":"Event","message":"event_created","tenantId":"259d1f92-4c79-4f5b-8833-c49949157b73","actorUserId":"1ce6360d-f4e6-424b-b263-142da07e78ff","eventId":"a19bfd17-4aef-4ea2-9475-737bd9ba7e2b","eventType":"customer_inquiry.created","aggregateType":"customer_inquiry","aggregateId":"5016861d-fbad-4363-a6c3-8c06ff8652cd"}
# {"timestamp":"2026-10-04T21:48:54.228Z","category":"Audit","message":"audit_log_created","tenantId":"259d1f92-4c79-4f5b-8833-c49949157b73","actorUserId":"1ce6360d-f4e6-424b-b263-142da07e78ff","action":"customer_inquiry.created","entityType":"customer_inquiry","entityId":"5016861d-fbad-4363-a6c3-8c06ff8652cd"}
# {"timestamp":"2026-10-04T21:48:54.265Z","category":"Event","message":"event_created","tenantId":"259d1f92-4c79-4f5b-8833-c49949157b73","actorUserId":"1ce6360d-f4e6-424b-b263-142da07e78ff","eventId":"f8da29fc-c190-48d3-9944-a478579bc5ec","eventType":"customer_inquiry.reviewed","aggregateType":"customer_inquiry","aggregateId":"5016861d-fbad-4363-a6c3-8c06ff8652cd"}
# {"timestamp":"2026-10-04T21:48:54.267Z","category":"Audit","message":"audit_log_created","tenantId":"259d1f92-4c79-4f5b-8833-c49949157b73","actorUserId":"1ce6360d-f4e6-424b-b263-142da07e78ff","action":"customer_inquiry.reviewed","entityType":"customer_inquiry","entityId":"5016861d-fbad-4363-a6c3-8c06ff8652cd"}
# {"timestamp":"2026-10-04T21:48:54.277Z","category":"Event","message":"event_created","tenantId":"259d1f92-4c79-4f5b-8833-c49949157b73","actorUserId":"1ce6360d-f4e6-424b-b263-142da07e78ff","eventId":"bce93bcb-9e6e-4cd1-98b0-a8f73f1a72de","eventType":"customer_inquiry.reviewed","aggregateType":"customer_inquiry","aggregateId":"5016861d-fbad-4363-a6c3-8c06ff8652cd"}
# {"timestamp":"2026-10-04T21:48:54.278Z","category":"Audit","message":"audit_log_created","tenantId":"259d1f92-4c79-4f5b-8833-c49949157b73","actorUserId":"1ce6360d-f4e6-424b-b263-142da07e78ff","action":"customer_inquiry.reviewed","entityType":"customer_inquiry","entityId":"5016861d-fbad-4363-a6c3-8c06ff8652cd"}
# {"timestamp":"2026-10-04T21:48:54.286Z","category":"Event","message":"event_created","tenantId":"259d1f92-4c79-4f5b-8833-c49949157b73","actorUserId":"1ce6360d-f4e6-424b-b263-142da07e78ff","eventId":"acf928a2-f620-4037-bf4f-a47dc9d44b20","eventType":"customer_inquiry.file_attached","aggregateType":"customer_inquiry","aggregateId":"b8abd92a-dd20-4b77-9371-0d52e5285f19"}
# {"timestamp":"2026-10-04T21:48:54.288Z","category":"Audit","message":"audit_log_created","tenantId":"259d1f92-4c79-4f5b-8833-c49949157b73","actorUserId":"1ce6360d-f4e6-424b-b263-142da07e78ff","action":"customer_inquiry.file_attached","entityType":"customer_inquiry_file","entityId":"b8abd92a-dd20-4b77-9371-0d52e5285f19"}
# {"timestamp":"2026-10-04T21:48:54.296Z","category":"Event","message":"event_created","tenantId":"259d1f92-4c79-4f5b-8833-c49949157b73","actorUserId":"1ce6360d-f4e6-424b-b263-142da07e78ff","eventId":"c3c4d9a3-8011-4406-94fb-251eae44fc6d","eventType":"customer_inquiry.created","aggregateType":"customer_inquiry","aggregateId":"e3345e79-8978-4987-8ce0-efb4b1c1edcb"}
# {"timestamp":"2026-10-04T21:48:54.298Z","category":"Audit","message":"audit_log_created","tenantId":"259d1f92-4c79-4f5b-8833-c49949157b73","actorUserId":"1ce6360d-f4e6-424b-b263-142da07e78ff","action":"customer_inquiry.created","entityType":"customer_inquiry","entityId":"e3345e79-8978-4987-8ce0-efb4b1c1edcb"}
# Subtest: inquiries preserve request history, attachments and tenant-scoped follow-up
ok 15 - inquiries preserve request history, attachments and tenant-scoped follow-up
  ---
  duration_ms: 261.98775
  type: 'test'
  ...
# Subtest: demo crew repair preserves existing ownership and unrelated records
ok 16 - demo crew repair preserves existing ownership and unrelated records
  ---
  duration_ms: 53.240229
  type: 'test'
  ...
# Subtest: existing demo roles recover execution duties without reseeding or widening other roles
ok 17 - existing demo roles recover execution duties without reseeding or widening other roles
  ---
  duration_ms: 57.712211
  type: 'test'
  ...
# Subtest: observation identity is deterministic and raw provider payload is excluded
ok 18 - observation identity is deterministic and raw provider payload is excluded
  ---
  duration_ms: 3.53626
  type: 'test'
  ...
# Subtest: observations reject invalid money, identity, completion dates and currency
ok 19 - observations reject invalid money, identity, completion dates and currency
  ---
  duration_ms: 1.181486
  type: 'test'
  ...
# Subtest: field evidence accepts an original photo above the historical two MB cap
ok 20 - field evidence accepts an original photo above the historical two MB cap
  ---
  duration_ms: 51.407201
  type: 'test'
  ...
# Subtest: field evidence validates types, base64 and hard size bound
ok 21 - field evidence validates types, base64 and hard size bound
  ---
  duration_ms: 307.315481
  type: 'test'
  ...
# Subtest: lost-response retry accepts identical evidence and rejects changed content or ownership
ok 22 - lost-response retry accepts identical evidence and rejects changed content or ownership
  ---
  duration_ms: 1.539238
  type: 'test'
  ...
# Subtest: phone originals retain HEIC and QuickTime bytes without pretending headers prove readability
ok 23 - phone originals retain HEIC and QuickTime bytes without pretending headers prove readability
  ---
  duration_ms: 0.52538
  type: 'test'
  ...
# Subtest: evidence retries preserve original capture category, time and location
ok 24 - evidence retries preserve original capture category, time and location
  ---
  duration_ms: 0.639419
  type: 'test'
  ...
# Subtest: evidence policy requires explicit supported categories and bounded positive counts
ok 25 - evidence policy requires explicit supported categories and bounded positive counts
  ---
  duration_ms: 1.486361
  type: 'test'
  ...
# Subtest: external payment eligibility rejects disputes and retired lifecycle states before allocating money
ok 26 - external payment eligibility rejects disputes and retired lifecycle states before allocating money
  ---
  duration_ms: 11.686509
  type: 'test'
  ...
# Subtest: editing a payment item cannot bypass the source amount ceiling
ok 27 - editing a payment item cannot bypass the source amount ceiling
  ---
  duration_ms: 33.820908
  type: 'test'
  ...
# Subtest: approval revalidates contractor and payroll amounts against current sources
ok 28 - approval revalidates contractor and payroll amounts against current sources
  ---
  duration_ms: 0.932993
  type: 'test'
  ...
# Subtest: internal approval alone cannot become customer acceptance; partial acceptance is the hard ceiling
ok 29 - internal approval alone cannot become customer acceptance; partial acceptance is the hard ceiling
  ---
  duration_ms: 0.940175
  type: 'test'
  ...
# Subtest: legacy create and update cannot override accepted quantities or invent customer acceptance
ok 30 - legacy create and update cannot override accepted quantities or invent customer acceptance
  ---
  duration_ms: 6.563215
  type: 'test'
  ...
# Subtest: billable lineage cannot silently move to a different current customer decision
ok 31 - billable lineage cannot silently move to a different current customer decision
  ---
  duration_ms: 16.642048
  type: 'test'
  ...
# Subtest: canonical billing readiness uses current customer QC while legacy billing retains internal QC guards
ok 32 - canonical billing readiness uses current customer QC while legacy billing retains internal QC guards
  ---
  duration_ms: 2.43825
  type: 'test'
  ...
# Subtest: canonical invoicing rejects stale readiness, holds, disputes and already-invoiced items before writes
ok 33 - canonical invoicing rejects stale readiness, holds, disputes and already-invoiced items before writes
  ---
  duration_ms: 1.147214
  type: 'test'
  ...
# Subtest: historical production billables cannot advance using stored readiness without customer acceptance
ok 34 - historical production billables cannot advance using stored readiness without customer acceptance
  ---
  duration_ms: 2.434796
  type: 'test'
  ...
# Subtest: invoice locking acquires deterministic production locks before billable row locks and rereads changes
ok 35 - invoice locking acquires deterministic production locks before billable row locks and rereads changes
  ---
  duration_ms: 0.884431
  type: 'test'
  ...
# Subtest: direct-production settlement creation requires customer acceptance despite billable status flags
ok 36 - direct-production settlement creation requires customer acceptance despite billable status flags
  ---
  duration_ms: 1.916618
  type: 'test'
  ...
# Subtest: linked settlement quantity edits cannot exceed current customer acceptance or reassign source
ok 37 - linked settlement quantity edits cannot exceed current customer acceptance or reassign source
  ---
  duration_ms: 0.703467
  type: 'test'
  ...
# Subtest: invoice items from direct-production settlements cannot bypass customer acceptance
ok 38 - invoice items from direct-production settlements cannot bypass customer acceptance
  ---
  duration_ms: 0.608599
  type: 'test'
  ...
# Subtest: settlement approval and both readiness transitions recheck current customer acceptance
ok 39 - settlement approval and both readiness transitions recheck current customer acceptance
  ---
  duration_ms: 0.926645
  type: 'test'
  ...
# Subtest: draft invoice approval rejects stale acceptance and legacy sending requires receipt details
ok 40 - draft invoice approval rejects stale acceptance and legacy sending requires receipt details
  ---
  duration_ms: 1.005602
  type: 'test'
  ...
# Subtest: a new quantity review cannot reuse acceptance of an earlier source or classification
ok 41 - a new quantity review cannot reuse acceptance of an earlier source or classification
  ---
  duration_ms: 9.073717
  type: 'test'
  ...
# Subtest: invoice delivery and acceptance remain separate ordered facts
ok 42 - invoice delivery and acceptance remain separate ordered facts
  ---
  duration_ms: 1.73315
  type: 'test'
  ...
# Subtest: prime requirements must be explicit, bounded and distinct
ok 43 - prime requirements must be explicit, bounded and distinct
  ---
  duration_ms: 1.018465
  type: 'test'
  ...
# Subtest: package preserves original bytes, safe filenames and readable escaped invoice totals
ok 44 - package preserves original bytes, safe filenames and readable escaped invoice totals
  ---
  duration_ms: 2.756736
  type: 'test'
  ...
# Subtest: bounded upload parsers retain an explicit ordinary JSON fallback
ok 45 - bounded upload parsers retain an explicit ordinary JSON fallback
  ---
  duration_ms: 1.468408
  type: 'test'
  ...
# {"timestamp":"2026-10-04T21:48:54.922Z","category":"Event","message":"event_created","tenantId":"98ffe087-3350-47b4-98ef-9a31d4475a52","actorUserId":"45710f97-2072-4456-a169-33943af2007d","eventId":"f071e147-47e5-43fc-90d1-ebac434c08ea","eventType":"inventory.lot_created","aggregateType":"material_inventory","aggregateId":"8cf1e423-9559-4e49-9012-f430224e38d2"}
# {"timestamp":"2026-10-04T21:48:54.925Z","category":"Audit","message":"audit_log_created","tenantId":"98ffe087-3350-47b4-98ef-9a31d4475a52","actorUserId":"45710f97-2072-4456-a169-33943af2007d","action":"inventory.lot_created","entityType":"material_lot","entityId":"8cf1e423-9559-4e49-9012-f430224e38d2"}
# {"timestamp":"2026-10-04T21:48:54.938Z","category":"Event","message":"event_created","tenantId":"98ffe087-3350-47b4-98ef-9a31d4475a52","actorUserId":"45710f97-2072-4456-a169-33943af2007d","eventId":"a38c8c83-6811-45ec-af45-62bcf333ea4c","eventType":"inventory.location_created","aggregateType":"material_inventory","aggregateId":"acac6f03-a7d2-4966-b3c5-590a8d77b841"}
# {"timestamp":"2026-10-04T21:48:54.940Z","category":"Audit","message":"audit_log_created","tenantId":"98ffe087-3350-47b4-98ef-9a31d4475a52","actorUserId":"45710f97-2072-4456-a169-33943af2007d","action":"inventory.location_created","entityType":"material_location","entityId":"acac6f03-a7d2-4966-b3c5-590a8d77b841"}
# {"timestamp":"2026-10-04T21:48:54.973Z","category":"Event","message":"event_created","tenantId":"98ffe087-3350-47b4-98ef-9a31d4475a52","actorUserId":"45710f97-2072-4456-a169-33943af2007d","eventId":"222630a2-7579-49cd-b8d1-cc4db017ea18","eventType":"inventory.location_created","aggregateType":"material_inventory","aggregateId":"7a321853-8602-443c-948f-a255c8c31de2"}
# {"timestamp":"2026-10-04T21:48:54.975Z","category":"Audit","message":"audit_log_created","tenantId":"98ffe087-3350-47b4-98ef-9a31d4475a52","actorUserId":"45710f97-2072-4456-a169-33943af2007d","action":"inventory.location_created","entityType":"material_location","entityId":"7a321853-8602-443c-948f-a255c8c31de2"}
# {"timestamp":"2026-10-04T21:48:55.104Z","category":"Event","message":"event_created","tenantId":"98ffe087-3350-47b4-98ef-9a31d4475a52","actorUserId":"45710f97-2072-4456-a169-33943af2007d","eventId":"d1ad2d7a-f72c-4ab9-a372-3ede7c9cfd19","eventType":"inventory.movement_recorded","aggregateType":"material_inventory","aggregateId":"f2705187-dfdb-45f7-a651-e7face4a2d6c"}
# {"timestamp":"2026-10-04T21:48:55.105Z","category":"Audit","message":"audit_log_created","tenantId":"98ffe087-3350-47b4-98ef-9a31d4475a52","actorUserId":"45710f97-2072-4456-a169-33943af2007d","action":"inventory.movement_recorded","entityType":"material_movement","entityId":"f2705187-dfdb-45f7-a651-e7face4a2d6c"}
# {"timestamp":"2026-10-04T21:48:55.127Z","category":"Event","message":"event_created","tenantId":"98ffe087-3350-47b4-98ef-9a31d4475a52","actorUserId":"45710f97-2072-4456-a169-33943af2007d","eventId":"bf26d760-65cd-4125-9929-e057bee5ca19","eventType":"inventory.movement_recorded","aggregateType":"material_inventory","aggregateId":"cfc07f42-e148-4df4-8d99-91c1f2d26496"}
# {"timestamp":"2026-10-04T21:48:55.130Z","category":"Audit","message":"audit_log_created","tenantId":"98ffe087-3350-47b4-98ef-9a31d4475a52","actorUserId":"45710f97-2072-4456-a169-33943af2007d","action":"inventory.movement_recorded","entityType":"material_movement","entityId":"cfc07f42-e148-4df4-8d99-91c1f2d26496"}
# {"timestamp":"2026-10-04T21:48:55.139Z","category":"Event","message":"event_created","tenantId":"98ffe087-3350-47b4-98ef-9a31d4475a52","actorUserId":"45710f97-2072-4456-a169-33943af2007d","eventId":"e03f540f-a09f-4867-99f9-e19a8a7df55c","eventType":"inventory.movement_recorded","aggregateType":"material_inventory","aggregateId":"5b70c153-c4a4-4c00-b3de-8369c55b54f6"}
# {"timestamp":"2026-10-04T21:48:55.140Z","category":"Audit","message":"audit_log_created","tenantId":"98ffe087-3350-47b4-98ef-9a31d4475a52","actorUserId":"45710f97-2072-4456-a169-33943af2007d","action":"inventory.movement_recorded","entityType":"material_movement","entityId":"5b70c153-c4a4-4c00-b3de-8369c55b54f6"}
# {"timestamp":"2026-10-04T21:48:55.147Z","category":"Event","message":"event_created","tenantId":"98ffe087-3350-47b4-98ef-9a31d4475a52","actorUserId":"45710f97-2072-4456-a169-33943af2007d","eventId":"7d4e3278-20c8-49f9-946c-f4fbcba19479","eventType":"inventory.movement_recorded","aggregateType":"material_inventory","aggregateId":"4563184f-d0ff-4235-b982-23d2ec3e6b5c"}
# {"timestamp":"2026-10-04T21:48:55.149Z","category":"Audit","message":"audit_log_created","tenantId":"98ffe087-3350-47b4-98ef-9a31d4475a52","actorUserId":"45710f97-2072-4456-a169-33943af2007d","action":"inventory.movement_recorded","entityType":"material_movement","entityId":"4563184f-d0ff-4235-b982-23d2ec3e6b5c"}
# {"timestamp":"2026-10-04T21:48:55.204Z","category":"Event","message":"event_created","tenantId":"98ffe087-3350-47b4-98ef-9a31d4475a52","actorUserId":"45710f97-2072-4456-a169-33943af2007d","eventId":"06670aed-380d-40e1-8b62-00c9eca0883e","eventType":"inventory.movement_recorded","aggregateType":"material_inventory","aggregateId":"5f387440-93ad-425a-a43e-9698ee37c70f"}
# {"timestamp":"2026-10-04T21:48:55.206Z","category":"Audit","message":"audit_log_created","tenantId":"98ffe087-3350-47b4-98ef-9a31d4475a52","actorUserId":"45710f97-2072-4456-a169-33943af2007d","action":"inventory.movement_recorded","entityType":"material_movement","entityId":"5f387440-93ad-425a-a43e-9698ee37c70f"}
# Subtest: material ledger conserves stock through retries, concurrent transfers, scrap and approved count reconciliation
ok 46 - material ledger conserves stock through retries, concurrent transfers, scrap and approved count reconciliation
  ---
  duration_ms: 367.923041
  type: 'test'
  ...
# Subtest: migration 060 preserves the cumulative pre-060 P4 category set and adds C2A categories
ok 47 - migration 060 preserves the cumulative pre-060 P4 category set and adds C2A categories
  ---
  duration_ms: 1.626082
  type: 'test'
  ...
# Subtest: release manifest covers every shipped migration
ok 48 - release manifest covers every shipped migration
  ---
  duration_ms: 3.078119
  type: 'test'
  ...
# Subtest: health rejects a pre-workforce database and an intermediate migration gap
ok 49 - health rejects a pre-workforce database and an intermediate migration gap
  ---
  duration_ms: 0.431574
  type: 'test'
  ...
# Subtest: health accepts the complete release and rejects unknown or duplicate migrations
ok 50 - health accepts the complete release and rejects unknown or duplicate migrations
  ---
  duration_ms: 0.419382
  type: 'test'
  ...
# Subtest: deployment rejects HTTP-success payloads from an old release or failed startup
ok 51 - deployment rejects HTTP-success payloads from an old release or failed startup
  ---
  duration_ms: 3.026793
  type: 'test'
  ...
# Subtest: P5 reuses canonical contract, work order, rate, crew, and equipment objects
ok 52 - P5 reuses canonical contract, work order, rate, crew, and equipment objects
  ---
  duration_ms: 2.181914
  type: 'test'
  ...
# Subtest: P5 legal artifacts reuse restricted file bytes without public URL columns
ok 53 - P5 legal artifacts reuse restricted file bytes without public URL columns
  ---
  duration_ms: 0.44344
  type: 'test'
  ...
# Subtest: P5 Partner self-service permissions are scoped while internal review permissions are not
ok 54 - P5 Partner self-service permissions are scoped while internal review permissions are not
  ---
  duration_ms: 0.746821
  type: 'test'
  ...
# Subtest: P5 controller validates legal PDF bytes and rejects client storage references
ok 55 - P5 controller validates legal PDF bytes and rejects client storage references
  ---
  duration_ms: 2.254478
  type: 'test'
  ...
# Subtest: P5 seed grants commercial actions narrowly to Partner personas
ok 56 - P5 seed grants commercial actions narrowly to Partner personas
  ---
  duration_ms: 1.095575
  type: 'test'
  ...
# Subtest: P5 E2E is registered in global certification
ok 57 - P5 E2E is registered in global certification
  ---
  duration_ms: 0.689745
  type: 'test'
  ...
# Subtest: Partner binary download returns exact bytes and secure attachment headers
ok 58 - Partner binary download returns exact bytes and secure attachment headers
  ---
  duration_ms: 137.023329
  type: 'test'
  ...
# Subtest: exact linked artifact is selected and hostile filename cannot inject headers
ok 59 - exact linked artifact is selected and hostile filename cannot inject headers
  ---
  duration_ms: 4.652723
  type: 'test'
  ...
# Subtest: missing bytes and unsupported MIME fail safely without a response body
ok 60 - missing bytes and unsupported MIME fail safely without a response body
  ---
  duration_ms: 8.102004
  type: 'test'
  ...
# Subtest: Partner Foreman and cross-scope callers are denied before bytes are returned
ok 61 - Partner Foreman and cross-scope callers are denied before bytes are returned
  ---
  duration_ms: 5.05465
  type: 'test'
  ...
# Subtest: P3 reuses Organization and capacity_provider as the Partner identity foundation
ok 62 - P3 reuses Organization and capacity_provider as the Partner identity foundation
  ---
  duration_ms: 2.459446
  type: 'test'
  ...
# Subtest: P3 schema stores structured compliance records without full TIN or full banking fields
ok 63 - P3 schema stores structured compliance records without full TIN or full banking fields
  ---
  duration_ms: 1.115503
  type: 'test'
  ...
# Subtest: P3 Partner self-service permissions remain organization scoped in PermissionGuard
ok 64 - P3 Partner self-service permissions remain organization scoped in PermissionGuard
  ---
  duration_ms: 1.244736
  type: 'test'
  ...
# Subtest: P3 permissions are provisioned narrowly for Partner Admin and Partner Foreman
ok 65 - P3 permissions are provisioned narrowly for Partner Admin and Partner Foreman
  ---
  duration_ms: 1.386082
  type: 'test'
  ...
# Subtest: P3 API rejects sensitive ordinary payload fields and never returns raw storage URLs
ok 66 - P3 API rejects sensitive ordinary payload fields and never returns raw storage URLs
  ---
  duration_ms: 0.75377
  type: 'test'
  ...
# Subtest: P3 verified compliance submissions are superseded instead of destructively overwritten
ok 67 - P3 verified compliance submissions are superseded instead of destructively overwritten
  ---
  duration_ms: 0.42652
  type: 'test'
  ...
# Subtest: reviewer fixture helper and authenticated test contract exist
ok 68 - reviewer fixture helper and authenticated test contract exist
  ---
  duration_ms: 2.480652
  type: 'test'
  ...
# Subtest: P1 partner domain reuses canonical Organization and CapacityProvider objects
ok 69 - P1 partner domain reuses canonical Organization and CapacityProvider objects
  ---
  duration_ms: 2.107631
  type: 'test'
  ...
# Subtest: P1 partner scope is resolved server-side from existing user role scopes
ok 70 - P1 partner scope is resolved server-side from existing user role scopes
  ---
  duration_ms: 0.733253
  type: 'test'
  ...
# Subtest: P1 partner routes enforce tenant and organization predicates in SQL
ok 71 - P1 partner routes enforce tenant and organization predicates in SQL
  ---
  duration_ms: 0.408247
  type: 'test'
  ...
# Subtest: P1 does not add a migration for duplicate partner company storage
ok 72 - P1 does not add a migration for duplicate partner company storage
  ---
  duration_ms: 33.679809
  type: 'test'
  ...
# Subtest: partner settlement requires verified agreement and correct workforce, party and work date
ok 73 - partner settlement requires verified agreement and correct workforce, party and work date
  ---
  duration_ms: 26.064891
  type: 'test'
  ...
# Subtest: payment cannot use a payable without traceable active settlement items
ok 74 - payment cannot use a payable without traceable active settlement items
  ---
  duration_ms: 4.239412
  type: 'test'
  ...
# Subtest: Partner Admin manual invite validates optional raw IDs before SQL
ok 75 - Partner Admin manual invite validates optional raw IDs before SQL
  ---
  duration_ms: 2.449834
  type: 'test'
  ...
# Subtest: Partner Network manual invite shows local feedback near the form
ok 76 - Partner Network manual invite shows local feedback near the form
  ---
  duration_ms: 3.727145
  type: 'test'
  ...
# Subtest: Partner Admin manual invite resolves typed company names server-side
ok 77 - Partner Admin manual invite resolves typed company names server-side
  ---
  duration_ms: 2.110795
  type: 'test'
  ...
# Subtest: P6 stores derived readiness snapshots without duplicating P1-P5 source facts
ok 78 - P6 stores derived readiness snapshots without duplicating P1-P5 source facts
  ---
  duration_ms: 1.969717
  type: 'test'
  ...
# Subtest: P6 preserves decision, override, Notice, acknowledgment, and production-start history
ok 79 - P6 preserves decision, override, Notice, acknowledgment, and production-start history
  ---
  duration_ms: 0.424626
  type: 'test'
  ...
# Subtest: P6 Partner permissions are scoped while internal approval and override permissions are not
ok 80 - P6 Partner permissions are scoped while internal approval and override permissions are not
  ---
  duration_ms: 0.355719
  type: 'test'
  ...
# Subtest: P6 controller separates mobilization approval from production start and excludes QC/financial writes
ok 81 - P6 controller separates mobilization approval from production start and excludes QC/financial writes
  ---
  duration_ms: 6.95871
  type: 'test'
  ...
# Subtest: P6 seed grants only safe mobilization visibility to Partner personas
ok 82 - P6 seed grants only safe mobilization visibility to Partner personas
  ---
  duration_ms: 0.493025
  type: 'test'
  ...
# Subtest: P6 E2E is registered in global certification
ok 83 - P6 E2E is registered in global certification
  ---
  duration_ms: 0.645986
  type: 'test'
  ...
# Subtest: P6 E2E fixture and event leak query are scoped to this tenant, Partner, Work Order version, and P6 aggregates
ok 84 - P6 E2E fixture and event leak query are scoped to this tenant, Partner, Work Order version, and P6 aggregates
  ---
  duration_ms: 1.110176
  type: 'test'
  ...
# Subtest: P6 automatic invalidation is wired through audited source writes
ok 85 - P6 automatic invalidation is wired through audited source writes
  ---
  duration_ms: 1.639118
  type: 'test'
  ...
# Subtest: P6C scheduled expiration and replay protections are registered
ok 86 - P6C scheduled expiration and replay protections are registered
  ---
  duration_ms: 2.081447
  type: 'test'
  ...
# Subtest: Partner onboarding shows ordered readiness gates without partner-side approval
ok 87 - Partner onboarding shows ordered readiness gates without partner-side approval
  ---
  duration_ms: 4.343839
  type: 'test'
  ...
# Subtest: Partner onboarding routes users to existing portal workspaces
ok 88 - Partner onboarding routes users to existing portal workspaces
  ---
  duration_ms: 1.835704
  type: 'test'
  ...
# Subtest: Partner invite activation is separated from company onboarding
ok 89 - Partner invite activation is separated from company onboarding
  ---
  duration_ms: 0.705739
  type: 'test'
  ...
# Subtest: Partner onboarding and activation use Sync brand colors for primary surfaces
ok 90 - Partner onboarding and activation use Sync brand colors for primary surfaces
  ---
  duration_ms: 1.257151
  type: 'test'
  ...
# Subtest: Partner onboarding presentation protects against raw enums and IDs
ok 91 - Partner onboarding presentation protects against raw enums and IDs
  ---
  duration_ms: 1.499172
  type: 'test'
  ...
# Subtest: P2 partner personas reuse existing users, tenant users, roles, permissions, and organization scope
ok 92 - P2 partner personas reuse existing users, tenant users, roles, permissions, and organization scope
  ---
  duration_ms: 2.085364
  type: 'test'
  ...
# Subtest: P2 partner roles and permissions are narrowly provisioned
ok 93 - P2 partner roles and permissions are narrowly provisioned
  ---
  duration_ms: 1.092959
  type: 'test'
  ...
# Subtest: P2 partner permissions cannot be satisfied by tenant-scoped roles in the global guard
ok 94 - P2 partner permissions cannot be satisfied by tenant-scoped roles in the global guard
  ---
  duration_ms: 0.359555
  type: 'test'
  ...
# Subtest: P2 partner role assignment is internal-only and organization-scoped
ok 95 - P2 partner role assignment is internal-only and organization-scoped
  ---
  duration_ms: 1.792953
  type: 'test'
  ...
# Subtest: P2 partner context response is external-safe
ok 96 - P2 partner context response is external-safe
  ---
  duration_ms: 0.661101
  type: 'test'
  ...
# Subtest: Partner Portal resolves one server-derived organization and never exposes a selector
ok 97 - Partner Portal resolves one server-derived organization and never exposes a selector
  ---
  duration_ms: 3.250153
  type: 'test'
  ...
# Subtest: Partner Portal uses grouped admin navigation and keeps field execution in SyncField
ok 98 - Partner Portal uses grouped admin navigation and keeps field execution in SyncField
  ---
  duration_ms: 1.14947
  type: 'test'
  ...
# Subtest: Invitation and role assignment block cross-organization Partner accounts
ok 99 - Invitation and role assignment block cross-organization Partner accounts
  ---
  duration_ms: 3.633181
  type: 'test'
  ...
# Subtest: Partner Portal product boundaries keep financial truth server-authoritative and private
ok 100 - Partner Portal product boundaries keep financial truth server-authoritative and private
  ---
  duration_ms: 1.514667
  type: 'test'
  ...
# Subtest: Partner Dashboard exposes daily operations and action ownership without organization selection
ok 101 - Partner Dashboard exposes daily operations and action ownership without organization selection
  ---
  duration_ms: 5.083258
  type: 'test'
  ...
# Subtest: Partner Dashboard financial summary keeps payment states separate and avoids rate math
ok 102 - Partner Dashboard financial summary keeps payment states separate and avoids rate math
  ---
  duration_ms: 4.445278
  type: 'test'
  ...
# Subtest: Partner company readiness uses one server-derived read model without self-approval
ok 103 - Partner company readiness uses one server-derived read model without self-approval
  ---
  duration_ms: 4.643079
  type: 'test'
  ...
# Subtest: Partner company readiness keeps raw identifiers and private file data out of presentation
ok 104 - Partner company readiness keeps raw identifiers and private file data out of presentation
  ---
  duration_ms: 2.529816
  type: 'test'
  ...
# Subtest: SyncField queue renders controlled operational copy without machine-status remapping
ok 105 - SyncField queue renders controlled operational copy without machine-status remapping
  ---
  duration_ms: 3.434924
  type: 'test'
  ...
# Subtest: P4 reuses canonical workers and crews without duplicate Partner workforce tables
ok 106 - P4 reuses canonical workers and crews without duplicate Partner workforce tables
  ---
  duration_ms: 2.442335
  type: 'test'
  ...
# Subtest: P4 schema stores restricted personnel facts without full driver-license or public URL fields
ok 107 - P4 schema stores restricted personnel facts without full driver-license or public URL fields
  ---
  duration_ms: 0.635436
  type: 'test'
  ...
# Subtest: P4 Partner self-service permissions are organization-scoped but internal review is not Partner-scoped
ok 108 - P4 Partner self-service permissions are organization-scoped but internal review is not Partner-scoped
  ---
  duration_ms: 0.384245
  type: 'test'
  ...
# Subtest: P4 secure file-byte implementation rejects client storage keys and public URL responses
ok 109 - P4 secure file-byte implementation rejects client storage keys and public URL responses
  ---
  duration_ms: 3.329128
  type: 'test'
  ...
# Subtest: P4 seed grants workforce actions narrowly to Partner personas
ok 110 - P4 seed grants workforce actions narrowly to Partner personas
  ---
  duration_ms: 0.579133
  type: 'test'
  ...
# Subtest: P4 E2E is registered in global certification
ok 111 - P4 E2E is registered in global certification
  ---
  duration_ms: 7.657947
  type: 'test'
  ...
# Subtest: durable Passport intake survives restart, deduplicates observations and rolls back incomplete pages without posting payments
ok 112 - durable Passport intake survives restart, deduplicates observations and rolls back incomplete pages without posting payments
  ---
  duration_ms: 188.97874
  type: 'test'
  ...
# Subtest: Passport preparation routes require server-side administrative or finance permissions
ok 113 - Passport preparation routes require server-side administrative or finance permissions
  ---
  duration_ms: 1.069178
  type: 'test'
  ...
# {"timestamp":"2026-10-04T21:48:55.845Z","category":"Event","message":"event_created","tenantId":"53fb3281-346f-45d4-a9df-bc89da80a1e6","actorUserId":"8d36c436-17ee-4e75-8d1b-579490647a3b","eventId":"570fbd08-a70a-427b-9a26-7cce4b402621","eventType":"passport.connection_prepared","aggregateType":"passport","aggregateId":"3ea51adf-bdcb-4f9c-a659-514f4706959a"}
# {"timestamp":"2026-10-04T21:48:55.848Z","category":"Audit","message":"audit_log_created","tenantId":"53fb3281-346f-45d4-a9df-bc89da80a1e6","actorUserId":"8d36c436-17ee-4e75-8d1b-579490647a3b","action":"passport.connection_prepared","entityType":"passport_connection","entityId":"3ea51adf-bdcb-4f9c-a659-514f4706959a"}
# {"timestamp":"2026-10-04T21:48:55.983Z","category":"Event","message":"event_created","tenantId":"53fb3281-346f-45d4-a9df-bc89da80a1e6","actorUserId":"8d36c436-17ee-4e75-8d1b-579490647a3b","eventId":"6c6632a5-3a30-4ff8-b446-abdeebf56cfa","eventType":"passport.exception_reviewed","aggregateType":"passport","aggregateId":"5abde716-9201-4ba5-b0b0-f645d386b378"}
# {"timestamp":"2026-10-04T21:48:55.988Z","category":"Audit","message":"audit_log_created","tenantId":"53fb3281-346f-45d4-a9df-bc89da80a1e6","actorUserId":"8d36c436-17ee-4e75-8d1b-579490647a3b","action":"passport.exception_reviewed","entityType":"passport_exception","entityId":"5abde716-9201-4ba5-b0b0-f645d386b378"}
# Subtest: Passport preparation is tenant isolated, retry safe, audited and cannot enable provider access
ok 114 - Passport preparation is tenant isolated, retry safe, audited and cannot enable provider access
  ---
  duration_ms: 189.836374
  type: 'test'
  ...
# Subtest: whole-cent amounts use exact arithmetic and reject unsafe inputs
ok 115 - whole-cent amounts use exact arithmetic and reject unsafe inputs
  ---
  duration_ms: 3.00827
  type: 'test'
  ...
# Subtest: allowlisted normalization discards sensitive extra fields
ok 116 - allowlisted normalization discards sensitive extra fields
  ---
  duration_ms: 3.655301
  type: 'test'
  ...
# Subtest: disabled reconciliation cannot touch repository
ok 117 - disabled reconciliation cannot touch repository
  ---
  duration_ms: 1.136504
  type: 'test'
  ...
# Subtest: parallel webhook/poll replay records one payment with exact balance and provenance
ok 118 - parallel webhook/poll replay records one payment with exact balance and provenance
  ---
  duration_ms: 11.149306
  type: 'test'
  ...
# Subtest: exception preserves payable: unmatched_payment
ok 119 - exception preserves payable: unmatched_payment
  ---
  duration_ms: 0.397521
  type: 'test'
  ...
# Subtest: exception preserves payable: ambiguous_mapping
ok 120 - exception preserves payable: ambiguous_mapping
  ---
  duration_ms: 0.273116
  type: 'test'
  ...
# Subtest: exception preserves payable: payee_or_tenant_mismatch
ok 121 - exception preserves payable: payee_or_tenant_mismatch
  ---
  duration_ms: 0.348925
  type: 'test'
  ...
# Subtest: exception preserves payable: payee_or_tenant_mismatch
ok 122 - exception preserves payable: payee_or_tenant_mismatch
  ---
  duration_ms: 0.243141
  type: 'test'
  ...
# Subtest: exception preserves payable: employee_work_not_partner_debt
ok 123 - exception preserves payable: employee_work_not_partner_debt
  ---
  duration_ms: 0.472651
  type: 'test'
  ...
# Subtest: exception preserves payable: amount_or_currency_mismatch
ok 124 - exception preserves payable: amount_or_currency_mismatch
  ---
  duration_ms: 0.540244
  type: 'test'
  ...
# Subtest: exception preserves payable: amount_or_currency_mismatch
ok 125 - exception preserves payable: amount_or_currency_mismatch
  ---
  duration_ms: 0.417784
  type: 'test'
  ...
# Subtest: exception preserves payable: payable_not_eligible
ok 126 - exception preserves payable: payable_not_eligible
  ---
  duration_ms: 0.264614
  type: 'test'
  ...
# Subtest: exception preserves payable: payable_not_eligible
ok 127 - exception preserves payable: payable_not_eligible
  ---
  duration_ms: 0.419847
  type: 'test'
  ...
# Subtest: exception preserves payable: payable_not_eligible
ok 128 - exception preserves payable: payable_not_eligible
  ---
  duration_ms: 0.347214
  type: 'test'
  ...
# Subtest: exception preserves payable: exceeds_available_balance
ok 129 - exception preserves payable: exceeds_available_balance
  ---
  duration_ms: 0.26591
  type: 'test'
  ...
# Subtest: exception preserves payable: already_recorded_manually
ok 130 - exception preserves payable: already_recorded_manually
  ---
  duration_ms: 0.2536
  type: 'test'
  ...
# Subtest: exception preserves payable: future_completion_date
ok 131 - exception preserves payable: future_completion_date
  ---
  duration_ms: 0.175289
  type: 'test'
  ...
# Subtest: wrong provider account is rejected before storage
ok 132 - wrong provider account is rejected before storage
  ---
  duration_ms: 0.216347
  type: 'test'
  ...
# Subtest: pending then completed then stale pending does not undo recording
ok 133 - pending then completed then stale pending does not undo recording
  ---
  duration_ms: 1.88265
  type: 'test'
  ...
# Subtest: same version with different amount requires review
ok 134 - same version with different amount requires review
  ---
  duration_ms: 0.358029
  type: 'test'
  ...
# Subtest: failed after recording creates exception without silently rewriting money
ok 135 - failed after recording creates exception without silently rewriting money
  ---
  duration_ms: 0.409398
  type: 'test'
  ...
# Subtest: returned after recording creates exception without silently rewriting money
ok 136 - returned after recording creates exception without silently rewriting money
  ---
  duration_ms: 0.581015
  type: 'test'
  ...
# Subtest: reversed after recording creates exception without silently rewriting money
ok 137 - reversed after recording creates exception without silently rewriting money
  ---
  duration_ms: 0.297688
  type: 'test'
  ...
# Subtest: new payee on recorded transaction requires review
ok 138 - new payee on recorded transaction requires review
  ---
  duration_ms: 0.296584
  type: 'test'
  ...
# Subtest: exception replay can resolve after mapping is explicitly fixed
ok 139 - exception replay can resolve after mapping is explicitly fixed
  ---
  duration_ms: 0.286115
  type: 'test'
  ...
# Subtest: exceptions are tenant-scoped and finance-only
ok 140 - exceptions are tenant-scoped and finance-only
  ---
  duration_ms: 0.372599
  type: 'test'
  ...
# Subtest: simulation transaction rolls back all writes on failure
ok 141 - simulation transaction rolls back all writes on failure
  ---
  duration_ms: 0.208695
  type: 'test'
  ...
# Subtest: webhook verification is mandatory and payload cannot supply financial writes
ok 142 - webhook verification is mandatory and payload cannot supply financial writes
  ---
  duration_ms: 0.543005
  type: 'test'
  ...
# Subtest: poll retry after outage resumes cursor and duplicate items are harmless
ok 143 - poll retry after outage resumes cursor and duplicate items are harmless
  ---
  duration_ms: 0.711664
  type: 'test'
  ...
# Subtest: page normalization failure does not advance checkpoint
ok 144 - page normalization failure does not advance checkpoint
  ---
  duration_ms: 0.444973
  type: 'test'
  ...
# Subtest: repeated cursors terminate safely
ok 145 - repeated cursors terminate safely
  ---
  duration_ms: 0.589446
  type: 'test'
  ...
# Subtest: sandbox reader defaults off; enabled reader only makes fixed-host GET
ok 146 - sandbox reader defaults off; enabled reader only makes fixed-host GET
  ---
  duration_ms: 0.743542
  type: 'test'
  ...
# Subtest: provider error bodies and credentials are not exposed
ok 147 - provider error bodies and credentials are not exposed
  ---
  duration_ms: 0.255032
  type: 'test'
  ...
# Subtest: concurrent distinct payments cannot exceed one eligible balance
ok 148 - concurrent distinct payments cannot exceed one eligible balance
  ---
  duration_ms: 0.833631
  type: 'test'
  ...
# Subtest: failure before recording never credits paid balance and later completion is held for review
ok 149 - failure before recording never credits paid balance and later completion is held for review
  ---
  duration_ms: 0.440108
  type: 'test'
  ...
# Subtest: recovery protects tokens, resets once and revokes all old sessions
ok 150 - recovery protects tokens, resets once and revokes all old sessions
  ---
  duration_ms: 477.045501
  type: 'test'
  ...
# Subtest: delivery resumes after a database connection failure
ok 151 - delivery resumes after a database connection failure
  ---
  duration_ms: 1.032018
  type: 'test'
  ...
# Subtest: delivery retries are bounded and expired links cannot reset passwords
ok 152 - delivery retries are bounded and expired links cannot reset passwords
  ---
  duration_ms: 177.275562
  type: 'test'
  ...
# Subtest: payment schedule freshness rejects missing calculations and changed inputs while serializing writers
ok 153 - payment schedule freshness rejects missing calculations and changed inputs while serializing writers
  ---
  duration_ms: 259.12499
  type: 'test'
  ...
# Subtest: calendar days retain local clock across daylight-saving transitions; elapsed hours do not
ok 154 - calendar days retain local clock across daylight-saving transitions; elapsed hours do not
  ---
  duration_ms: 13.406792
  type: 'test'
  ...
# Subtest: business days skip weekends and the explicitly approved holiday calendar
ok 155 - business days skip weekends and the explicitly approved holiday calendar
  ---
  duration_ms: 2.678109
  type: 'test'
  ...
# Subtest: invalid policy calendars, zones, offsets and future received times are rejected
ok 156 - invalid policy calendars, zones, offsets and future received times are rejected
  ---
  duration_ms: 2.045525
  type: 'test'
  ...
# Subtest: late policy application uses the original receipt; missing policy never invents a date
ok 157 - late policy application uses the original receipt; missing policy never invents a date
  ---
  duration_ms: 4.480078
  type: 'test'
  ...
# Subtest: product workspace HTTP routes enforce unauthenticated, read-only and mutation boundaries
ok 158 - product workspace HTTP routes enforce unauthenticated, read-only and mutation boundaries
  ---
  duration_ms: 229.018275
  type: 'test'
  ...
# Subtest: 886 installed feet can include 180 rock without adding another installed quantity
ok 159 - 886 installed feet can include 180 rock without adding another installed quantity
  ---
  duration_ms: 4.895795
  type: 'test'
  ...
# Subtest: overlapping summaries must exactly reconcile to distinct underlying records
ok 160 - overlapping summaries must exactly reconcile to distinct underlying records
  ---
  duration_ms: 0.275408
  type: 'test'
  ...
# Subtest: date, quantity, location and submitted correction revisions invalidate quantity review
ok 161 - date, quantity, location and submitted correction revisions invalidate quantity review
  ---
  duration_ms: 2.691626
  type: 'test'
  ...
# Subtest: unreviewed, stale and summary quantities cannot advance to finance
ok 162 - unreviewed, stale and summary quantities cannot advance to finance
  ---
  duration_ms: 0.925401
  type: 'test'
  ...
# Subtest: an underlying correction invalidates the subset review without rewriting originals
ok 163 - an underlying correction invalidates the subset review without rewriting originals
  ---
  duration_ms: 0.699729
  type: 'test'
  ...
# Subtest: field production responses exclude internal quantity-review notes and commercial references
ok 164 - field production responses exclude internal quantity-review notes and commercial references
  ---
  duration_ms: 99.560801
  type: 'test'
  ...
# Subtest: operations quantities exclude references and stale reviews and keep feet separate from hours
ok 165 - operations quantities exclude references and stale reviews and keep feet separate from hours
  ---
  duration_ms: 5.549525
  type: 'test'
  ...
# Subtest: general handoff update cannot assign approval or project-created status
ok 166 - general handoff update cannot assign approval or project-created status
  ---
  duration_ms: 2.852331
  type: 'test'
  ...
# Subtest: general checklist/risk editing cannot weaken gates or finalize review
ok 167 - general checklist/risk editing cannot weaken gates or finalize review
  ---
  duration_ms: 6.673365
  type: 'test'
  ...
# Subtest: explicit override still rejects hard stops and non-overridable records
ok 168 - explicit override still rejects hard stops and non-overridable records
  ---
  duration_ms: 4.732452
  type: 'test'
  ...
# {"timestamp":"2026-10-04T21:48:56.813Z","category":"Event","message":"event_created","tenantId":"1df4b40f-01d2-4c45-926e-cd190f3df477","actorUserId":"bb6da0a0-648b-45af-8d9b-f446f5f7ab5c","eventId":"b17baeec-f814-4b74-a6d4-7a72722482a3","eventType":"constraint.created","aggregateType":"constraint","aggregateId":"d0981462-59bd-42e2-9bea-5895ce9d3dc7"}
# {"timestamp":"2026-10-04T21:48:56.817Z","category":"Audit","message":"audit_log_created","tenantId":"1df4b40f-01d2-4c45-926e-cd190f3df477","actorUserId":"bb6da0a0-648b-45af-8d9b-f446f5f7ab5c","action":"constraint.create","entityType":"constraint","entityId":"d0981462-59bd-42e2-9bea-5895ce9d3dc7"}
# {"timestamp":"2026-10-04T21:48:56.900Z","category":"Event","message":"event_created","tenantId":"1df4b40f-01d2-4c45-926e-cd190f3df477","actorUserId":"bb6da0a0-648b-45af-8d9b-f446f5f7ab5c","eventId":"0856ce16-c22f-4adc-9965-bef6a6c5a55f","eventType":"relationship_path.created","aggregateType":"relationship_path","aggregateId":"490f05df-b824-47e0-a27b-bbde7c3d5d42"}
# {"timestamp":"2026-10-04T21:48:56.902Z","category":"Audit","message":"audit_log_created","tenantId":"1df4b40f-01d2-4c45-926e-cd190f3df477","actorUserId":"bb6da0a0-648b-45af-8d9b-f446f5f7ab5c","action":"relationship_path.create","entityType":"relationship_path","entityId":"490f05df-b824-47e0-a27b-bbde7c3d5d42"}
# Subtest: record actions preserve tenant boundaries, audit once and reject changed retry payloads
ok 169 - record actions preserve tenant boundaries, audit once and reject changed retry payloads
  ---
  duration_ms: 228.564558
  type: 'test'
  ...
# Subtest: regression route and permission coverage exists for completed sprints
ok 170 - regression route and permission coverage exists for completed sprints
  ---
  duration_ms: 24.86587
  type: 'test'
  ...
# Subtest: all sprint smoke commands are wired
ok 171 - all sprint smoke commands are wired
  ---
  duration_ms: 0.510354
  type: 'test'
  ...
# Subtest: migration ordering is lexical and complete
ok 172 - migration ordering is lexical and complete
  ---
  duration_ms: 1.589283
  type: 'test'
  ...
# Subtest: write helpers remain the only shared write action path
ok 173 - write helpers remain the only shared write action path
  ---
  duration_ms: 0.380117
  type: 'test'
  ...
# Subtest: Sprint 14 does not introduce disallowed business artifacts
ok 174 - Sprint 14 does not introduce disallowed business artifacts
  ---
  duration_ms: 2197.310011
  type: 'test'
  ...
# Subtest: e2e certification: no not-certified states, no undocumented blocked states, no placeholder notes, no empty forbiddenTables
ok 175 - e2e certification: no not-certified states, no undocumented blocked states, no placeholder notes, no empty forbiddenTables
  ---
  duration_ms: 2.522823
  type: 'test'
  ...
# Subtest: e2e specs: no test.skip, test.only, or .fixme
ok 176 - e2e specs: no test.skip, test.only, or .fixme
  ---
  duration_ms: 17.898806
  type: 'test'
  ...
# Subtest: certified Partner compliance E2E is included in the global certification runner
ok 177 - certified Partner compliance E2E is included in the global certification runner
  ---
  duration_ms: 0.46526
  type: 'test'
  ...
# Subtest: certified Partner workforce E2E is included in the global certification runner
ok 178 - certified Partner workforce E2E is included in the global certification runner
  ---
  duration_ms: 0.587741
  type: 'test'
  ...
# Subtest: certified Partner agreement E2E is included in the global certification runner
ok 179 - certified Partner agreement E2E is included in the global certification runner
  ---
  duration_ms: 0.679206
  type: 'test'
  ...
# Subtest: certified Partner mobilization E2E is included in the global certification runner
ok 180 - certified Partner mobilization E2E is included in the global certification runner
  ---
  duration_ms: 0.385407
  type: 'test'
  ...
# Subtest: certified Partner Portal shell E2E is included in the global certification runner
ok 181 - certified Partner Portal shell E2E is included in the global certification runner
  ---
  duration_ms: 0.235832
  type: 'test'
  ...
# Subtest: certified SyncField map and Daily JSA E2E is included in the global certification runner
ok 182 - certified SyncField map and Daily JSA E2E is included in the global certification runner
  ---
  duration_ms: 0.225922
  type: 'test'
  ...
# Subtest: certified SyncField Daily Production E2E is included in the global certification runner
ok 183 - certified SyncField Daily Production E2E is included in the global certification runner
  ---
  duration_ms: 0.221348
  type: 'test'
  ...
# Subtest: P9A field offline replay wiring remains browser-persistent and automatic
ok 184 - P9A field offline replay wiring remains browser-persistent and automatic
  ---
  duration_ms: 2.444388
  type: 'test'
  ...
# Subtest: certified Customer QC E2E is included in the global certification runner
ok 185 - certified Customer QC E2E is included in the global certification runner
  ---
  duration_ms: 0.285069
  type: 'test'
  ...
# Subtest: certified SyncField production exports/dashboard E2E is included in the global certification runner
ok 186 - certified SyncField production exports/dashboard E2E is included in the global certification runner
  ---
  duration_ms: 0.363549
  type: 'test'
  ...
# Subtest: certified accepted production financials E2E is included in the global certification runner
ok 187 - certified accepted production financials E2E is included in the global certification runner
  ---
  duration_ms: 0.283722
  type: 'test'
  ...
# Subtest: certified payment retainage adjustments E2E is included in the global certification runner
ok 188 - certified payment retainage adjustments E2E is included in the global certification runner
  ---
  duration_ms: 0.216502
  type: 'test'
  ...
# Subtest: certified Partner performance capacity E2E is included in the global certification runner
ok 189 - certified Partner performance capacity E2E is included in the global certification runner
  ---
  duration_ms: 0.204678
  type: 'test'
  ...
# Subtest: certified Opportunity capacity matching E2E is included in the global certification runner
ok 190 - certified Opportunity capacity matching E2E is included in the global certification runner
  ---
  duration_ms: 0.232899
  type: 'test'
  ...
# Subtest: certified Executive command throughput E2E is included in the global certification runner
ok 191 - certified Executive command throughput E2E is included in the global certification runner
  ---
  duration_ms: 0.214433
  type: 'test'
  ...
# Subtest: P17 production readiness E2E is included in the global certification runner
ok 192 - P17 production readiness E2E is included in the global certification runner
  ---
  duration_ms: 0.237499
  type: 'test'
  ...
# Subtest: P17 remains a release-readiness gate without a synthetic migration
ok 193 - P17 remains a release-readiness gate without a synthetic migration
  ---
  duration_ms: 0.240392
  type: 'test'
  ...
# Subtest: Partner Admin invitation E2E is included in the global certification runner
ok 194 - Partner Admin invitation E2E is included in the global certification runner
  ---
  duration_ms: 0.208132
  type: 'test'
  ...
# Subtest: P17 release boundary checks preserve no-auto-action and no-sensitive-leak rules
ok 195 - P17 release boundary checks preserve no-auto-action and no-sensitive-leak rules
  ---
  duration_ms: 1.351271
  type: 'test'
  ...
# Subtest: P16 Command Center preserves read-model and no-auto-action boundaries
ok 196 - P16 Command Center preserves read-model and no-auto-action boundaries
  ---
  duration_ms: 1.888894
  type: 'test'
  ...
# Subtest: P15 Opportunity matching preserves recommendation and assignment boundaries
ok 197 - P15 Opportunity matching preserves recommendation and assignment boundaries
  ---
  duration_ms: 1.735767
  type: 'test'
  ...
# Subtest: P14 Partner performance preserves intelligence and commercial boundaries
ok 198 - P14 Partner performance preserves intelligence and commercial boundaries
  ---
  duration_ms: 3.718541
  type: 'test'
  ...
# Subtest: P13 payment execution preserves money-movement boundaries
ok 199 - P13 payment execution preserves money-movement boundaries
  ---
  duration_ms: 3.951144
  type: 'test'
  ...
# Subtest: P10 Customer QC language preserves customer authority boundary
ok 200 - P10 Customer QC language preserves customer authority boundary
  ---
  duration_ms: 4.309414
  type: 'test'
  ...
# Subtest: P11 exports and closeout preserve production and financial boundaries
ok 201 - P11 exports and closeout preserve production and financial boundaries
  ---
  duration_ms: 4.383461
  type: 'test'
  ...
# Subtest: release validation includes every registered domain smoke check
ok 202 - release validation includes every registered domain smoke check
  ---
  duration_ms: 2.9391
  type: 'test'
  ...
# Subtest: production readiness smoke validates the current shipped release
ok 203 - production readiness smoke validates the current shipped release
  ---
  duration_ms: 94.073355
  type: 'test'
  ...
# Subtest: PartnerComplianceController emits the canonical RestrictedFileService runtime token
ok 204 - PartnerComplianceController emits the canonical RestrictedFileService runtime token
  ---
  duration_ms: 1512.03725
  type: 'test'
  ...
# Subtest: AppModule declares RestrictedFileService as a provider, not a controller
ok 205 - AppModule declares RestrictedFileService as a provider, not a controller
  ---
  duration_ms: 924.186104
  type: 'test'
  ...
# Subtest: restricted filename sanitizer removes traversal and bounds names
ok 206 - restricted filename sanitizer removes traversal and bounds names
  ---
  duration_ms: 1.134982
  type: 'test'
  ...
# Subtest: restricted MIME detection and extension mapping use signatures
ok 207 - restricted MIME detection and extension mapping use signatures
  ---
  duration_ms: 0.253146
  type: 'test'
  ...
# Subtest: restricted SHA-256 and root containment are deterministic
ok 208 - restricted SHA-256 and root containment are deterministic
  ---
  duration_ms: 0.173242
  type: 'test'
  ...
# Subtest: RestrictedFileService writes exact bytes and uses supplied PoolClient
ok 209 - RestrictedFileService writes exact bytes and uses supplied PoolClient
  ---
  duration_ms: 26.182533
  type: 'test'
  ...
# Subtest: RestrictedFileService write failure skips metadata insert
ok 210 - RestrictedFileService write failure skips metadata insert
  ---
  duration_ms: 4.695236
  type: 'test'
  ...
# Subtest: RestrictedFileService metadata failure cleans up written bytes
ok 211 - RestrictedFileService metadata failure cleans up written bytes
  ---
  duration_ms: 9.137289
  type: 'test'
  ...
# Subtest: RestrictedFileService is injectable and owns create/write persistence
ok 212 - RestrictedFileService is injectable and owns create/write persistence
  ---
  duration_ms: 1.61175
  type: 'test'
  ...
# Subtest: Workforce create paths use the service and local creator is absent
ok 213 - Workforce create paths use the service and local creator is absent
  ---
  duration_ms: 0.3856
  type: 'test'
  ...
# Subtest: service uses the caller supplied database client and safe storage primitives
ok 214 - service uses the caller supplied database client and safe storage primitives
  ---
  duration_ms: 0.192275
  type: 'test'
  ...
# Subtest: service rejects invalid/empty writes before metadata persistence
ok 215 - service rejects invalid/empty writes before metadata persistence
  ---
  duration_ms: 0.152392
  type: 'test'
  ...
# Subtest: retained-fund terms never assume the regular payable clock
ok 216 - retained-fund terms never assume the regular payable clock
  ---
  duration_ms: 74.224412
  type: 'test'
  ...
# Subtest: nonapproval retained-fund triggers require a completed, timezone-qualified event and proof
ok 217 - nonapproval retained-fund triggers require a completed, timezone-qualified event and proof
  ---
  duration_ms: 6.339393
  type: 'test'
  ...
# Subtest: partial retained releases conserve exact cents and cannot reuse previous releases
ok 218 - partial retained releases conserve exact cents and cannot reuse previous releases
  ---
  duration_ms: 2.365947
  type: 'test'
  ...
# Subtest: release source scan excludes generated and dependency trees before descent
ok 219 - release source scan excludes generated and dependency trees before descent
  ---
  duration_ms: 24.143724
  type: 'test'
  ...
# Subtest: smtp_relay is a hosted email provider with STARTTLS and optional auth
ok 220 - smtp_relay is a hosted email provider with STARTTLS and optional auth
  ---
  duration_ms: 3.585711
  type: 'test'
  ...
# Subtest: staging smtp_relay keeps recipient allowlist and Sync sender controls
ok 221 - staging smtp_relay keeps recipient allowlist and Sync sender controls
  ---
  duration_ms: 3.603964
  type: 'test'
  ...
# Subtest: invitation URLs remain sourced from APPLICATION_BASE_URL without token logging
ok 222 - invitation URLs remain sourced from APPLICATION_BASE_URL without token logging
  ---
  duration_ms: 1.806377
  type: 'test'
  ...
# Subtest: patched SMTP transport initializes with isolated TLS settings without opening a connection
ok 223 - patched SMTP transport initializes with isolated TLS settings without opening a connection
  ---
  duration_ms: 340.908424
  type: 'test'
  ...
# Subtest: deployment rejects dirty before migrations or service shutdown
ok 224 - deployment rejects dirty before migrations or service shutdown
  ---
  duration_ms: 2586.806188
  type: 'test'
  ...
# Subtest: deployment rejects legacy before migrations or service shutdown
ok 225 - deployment rejects legacy before migrations or service shutdown
  ---
  duration_ms: 2648.528287
  type: 'test'
  ...
# Subtest: deployment leaves services stopped without publishing on migration-failed
ok 226 - deployment leaves services stopped without publishing on migration-failed
  ---
  duration_ms: 2406.306972
  type: 'test'
  ...
# Subtest: deployment leaves services stopped without publishing on health-failed
ok 227 - deployment leaves services stopped without publishing on health-failed
  ---
  duration_ms: 3317.097567
  type: 'test'
  ...
# Subtest: deployment leaves services stopped without publishing on worker-failed
ok 228 - deployment leaves services stopped without publishing on worker-failed
  ---
  duration_ms: 3229.548947
  type: 'test'
  ...
# Subtest: healthy deployment stops writers before migrating and publishes after verification
ok 229 - healthy deployment stops writers before migrating and publishes after verification
  ---
  duration_ms: 3538.480925
  type: 'test'
  ...
# {"timestamp":"2026-10-04T21:48:59.048Z","category":"Event","message":"event_created","tenantId":"88694c69-adaf-4ca2-a4a6-48bb1cebd4bb","actorUserId":"7f1c28d9-f5a0-401e-ba7d-181eaaa0f7a4","eventId":"421ce991-7d6b-4119-b9a8-1e5b692a56fd","eventType":"form.version_created","aggregateType":"supplemental_form","aggregateId":"49f185f2-a85d-45f0-a28c-fbd00c80fff4"}
# {"timestamp":"2026-10-04T21:48:59.051Z","category":"Audit","message":"audit_log_created","tenantId":"88694c69-adaf-4ca2-a4a6-48bb1cebd4bb","actorUserId":"7f1c28d9-f5a0-401e-ba7d-181eaaa0f7a4","action":"form.version_created","entityType":"supplemental_form_version","entityId":"49f185f2-a85d-45f0-a28c-fbd00c80fff4"}
# {"timestamp":"2026-10-04T21:48:59.076Z","category":"Event","message":"event_created","tenantId":"88694c69-adaf-4ca2-a4a6-48bb1cebd4bb","actorUserId":"7f1c28d9-f5a0-401e-ba7d-181eaaa0f7a4","eventId":"4c071c1a-f87c-496a-bc91-f32e162bca5d","eventType":"form.published","aggregateType":"supplemental_form","aggregateId":"49f185f2-a85d-45f0-a28c-fbd00c80fff4"}
# {"timestamp":"2026-10-04T21:48:59.080Z","category":"Audit","message":"audit_log_created","tenantId":"88694c69-adaf-4ca2-a4a6-48bb1cebd4bb","actorUserId":"7f1c28d9-f5a0-401e-ba7d-181eaaa0f7a4","action":"form.published","entityType":"supplemental_form_version","entityId":"49f185f2-a85d-45f0-a28c-fbd00c80fff4"}
# {"timestamp":"2026-10-04T21:48:59.090Z","category":"Event","message":"event_created","tenantId":"88694c69-adaf-4ca2-a4a6-48bb1cebd4bb","actorUserId":"7f1c28d9-f5a0-401e-ba7d-181eaaa0f7a4","eventId":"df8a6934-4b45-46d0-b89b-54dcaa9d6f06","eventType":"form.submitted","aggregateType":"supplemental_form","aggregateId":"9c772e4b-0451-4651-a784-64bc079d2e06"}
# {"timestamp":"2026-10-04T21:48:59.091Z","category":"Audit","message":"audit_log_created","tenantId":"88694c69-adaf-4ca2-a4a6-48bb1cebd4bb","actorUserId":"7f1c28d9-f5a0-401e-ba7d-181eaaa0f7a4","action":"form.submitted","entityType":"supplemental_form_record","entityId":"9c772e4b-0451-4651-a784-64bc079d2e06"}
# {"timestamp":"2026-10-04T21:48:59.104Z","category":"Event","message":"event_created","tenantId":"88694c69-adaf-4ca2-a4a6-48bb1cebd4bb","actorUserId":"7f1c28d9-f5a0-401e-ba7d-181eaaa0f7a4","eventId":"c0523c4e-8938-4177-99ee-898674c78325","eventType":"form.version_created","aggregateType":"supplemental_form","aggregateId":"3b6ac90f-8e34-4dc7-96fc-78821e60e225"}
# {"timestamp":"2026-10-04T21:48:59.106Z","category":"Audit","message":"audit_log_created","tenantId":"88694c69-adaf-4ca2-a4a6-48bb1cebd4bb","actorUserId":"7f1c28d9-f5a0-401e-ba7d-181eaaa0f7a4","action":"form.version_created","entityType":"supplemental_form_version","entityId":"3b6ac90f-8e34-4dc7-96fc-78821e60e225"}
# Subtest: form publication preserves versions, tenant boundaries, immutable responses and one audit per retry
ok 230 - form publication preserves versions, tenant boundaries, immutable responses and one audit per retry
  ---
  duration_ms: 146.275607
  type: 'test'
  ...
# Subtest: shared forms enforce conditional required fields and reject hidden or unknown values
ok 231 - shared forms enforce conditional required fields and reject hidden or unknown values
  ---
  duration_ms: 32.059547
  type: 'test'
  ...
# Subtest: shared forms reject invalid dates, types, conditions and duplicate keys
ok 232 - shared forms reject invalid dates, types, conditions and duplicate keys
  ---
  duration_ms: 30.342279
  type: 'test'
  ...
# Subtest: corrections admit supported revision fields but reject unknown or unauthorized changes
ok 233 - corrections admit supported revision fields but reject unknown or unauthorized changes
  ---
  duration_ms: 12.914127
  type: 'test'
  ...
# Subtest: supported correction changes are preserved in the immutable proposed revision
ok 234 - supported correction changes are preserved in the immutable proposed revision
  ---
  duration_ms: 4.390367
  type: 'test'
  ...
# Subtest: correction retry after a lost response returns the existing result
ok 235 - correction retry after a lost response returns the existing result
  ---
  duration_ms: 2.547508
  type: 'test'
  ...
# Subtest: a correction cannot reuse another correction mutation identifier
ok 236 - a correction cannot reuse another correction mutation identifier
  ---
  duration_ms: 1.845488
  type: 'test'
  ...
# Subtest: new request cannot resubmit a correction already awaiting reinspection
ok 237 - new request cannot resubmit a correction already awaiting reinspection
  ---
  duration_ms: 0.407784
  type: 'test'
  ...
# Subtest: daily production PDF distinguishes accepted zero from pending customer QC
ok 238 - daily production PDF distinguishes accepted zero from pending customer QC
  ---
  duration_ms: 0.933514
  type: 'test'
  ...
# Subtest: selected older active assignment can download its own map
ok 239 - selected older active assignment can download its own map
  ---
  duration_ms: 3.386107
  type: 'test'
  ...
# Subtest: selected assignment cannot download another assignment map
ok 240 - selected assignment cannot download another assignment map
  ---
  duration_ms: 4.738035
  type: 'test'
  ...
# Subtest: unassigned and cross-tenant assignment identifiers fail closed
ok 241 - unassigned and cross-tenant assignment identifiers fail closed
  ---
  duration_ms: 5.51058
  type: 'test'
  ...
# Subtest: omitted assignment remains compatible with latest map download
ok 242 - omitted assignment remains compatible with latest map download
  ---
  duration_ms: 1.538765
  type: 'test'
  ...
# Subtest: startMobilizationExpirationScheduler retries after connection failure and releases after scan failure
ok 243 - startMobilizationExpirationScheduler retries after connection failure and releases after scan failure
  ---
  duration_ms: 162.244453
  type: 'test'
  ...
# Subtest: startPartnerPerformanceScheduler retries after connection failure and releases after scan failure
ok 244 - startPartnerPerformanceScheduler retries after connection failure and releases after scan failure
  ---
  duration_ms: 54.761122
  type: 'test'
  ...
# Subtest: startOpportunityCapacityMatchingScheduler retries after connection failure and releases after scan failure
ok 245 - startOpportunityCapacityMatchingScheduler retries after connection failure and releases after scan failure
  ---
  duration_ms: 40.520169
  type: 'test'
  ...
# Subtest: startExecutiveCommandScheduler retries after connection failure and releases after scan failure
ok 246 - startExecutiveCommandScheduler retries after connection failure and releases after scan failure
  ---
  duration_ms: 29.255021
  type: 'test'
  ...
# {"timestamp":"2026-10-04T21:48:59.822Z","category":"Event","message":"event_created","tenantId":"213650bf-f72c-447d-8034-539ca8eae2b9","actorUserId":"9bd435b7-aab7-4cf0-9c95-d6f90075f5f5","eventId":"4d3607a8-8f81-4665-b697-0cfff848f65c","eventType":"workflow_task.reassigned","aggregateType":"workflow_task","aggregateId":"ec4c283f-924b-4ad4-8e32-152de427e561"}
# {"timestamp":"2026-10-04T21:48:59.825Z","category":"Audit","message":"audit_log_created","tenantId":"213650bf-f72c-447d-8034-539ca8eae2b9","actorUserId":"9bd435b7-aab7-4cf0-9c95-d6f90075f5f5","action":"workflow_task.reassign","entityType":"workflow_task","entityId":"ec4c283f-924b-4ad4-8e32-152de427e561"}
# {"timestamp":"2026-10-04T21:48:59.844Z","category":"Event","message":"event_created","tenantId":"213650bf-f72c-447d-8034-539ca8eae2b9","actorUserId":"9bd435b7-aab7-4cf0-9c95-d6f90075f5f5","eventId":"532522bc-5596-41b4-890c-1d1497d78b93","eventType":"workflow_task.escalated","aggregateType":"workflow_task","aggregateId":"ec4c283f-924b-4ad4-8e32-152de427e561"}
# {"timestamp":"2026-10-04T21:48:59.845Z","category":"Audit","message":"audit_log_created","tenantId":"213650bf-f72c-447d-8034-539ca8eae2b9","actorUserId":"9bd435b7-aab7-4cf0-9c95-d6f90075f5f5","action":"workflow_task.escalate","entityType":"workflow_task","entityId":"ec4c283f-924b-4ad4-8e32-152de427e561"}
# {"timestamp":"2026-10-04T21:48:59.847Z","category":"Event","message":"event_created","tenantId":"213650bf-f72c-447d-8034-539ca8eae2b9","actorUserId":"9bd435b7-aab7-4cf0-9c95-d6f90075f5f5","eventId":"ce81d747-dc06-42ea-a099-c87ffc91bea9","eventType":"workflow_escalation.created","aggregateType":"workflow_escalation","aggregateId":"65eca0be-b2ed-465f-ac86-901ba52b23ae"}
# {"timestamp":"2026-10-04T21:48:59.848Z","category":"Audit","message":"audit_log_created","tenantId":"213650bf-f72c-447d-8034-539ca8eae2b9","actorUserId":"9bd435b7-aab7-4cf0-9c95-d6f90075f5f5","action":"workflow_escalation.create","entityType":"workflow_escalation","entityId":"65eca0be-b2ed-465f-ac86-901ba52b23ae"}
# {"timestamp":"2026-10-04T21:48:59.872Z","category":"Event","message":"event_created","tenantId":"213650bf-f72c-447d-8034-539ca8eae2b9","actorUserId":"aab6a5e2-00cd-4dcd-ac92-37f9c73b4306","eventId":"bc73f0c1-9b52-446b-94e0-410611c69f57","eventType":"workflow_task.completed","aggregateType":"workflow_task","aggregateId":"ec4c283f-924b-4ad4-8e32-152de427e561"}
# {"timestamp":"2026-10-04T21:48:59.873Z","category":"Audit","message":"audit_log_created","tenantId":"213650bf-f72c-447d-8034-539ca8eae2b9","actorUserId":"aab6a5e2-00cd-4dcd-ac92-37f9c73b4306","action":"workflow_task.complete","entityType":"workflow_task","entityId":"ec4c283f-924b-4ad4-8e32-152de427e561"}
# Subtest: role reassignment clears old person; unknown roles and closed-task escalation preserve state
ok 247 - role reassignment clears old person; unknown roles and closed-task escalation preserve state
  ---
  duration_ms: 112.026797
  type: 'test'
  ...
1..247
# tests 247
# suites 0
# pass 247
# fail 0
# cancelled 0
# skipped 0
# todo 0
# duration_ms 22432.415435
