TAP version 13
# Subtest: deployment rejects dirty before migrations or service shutdown
ok 1 - deployment rejects dirty before migrations or service shutdown
  ---
  duration_ms: 812.542077
  type: 'test'
  ...
# Subtest: deployment rejects legacy before migrations or service shutdown
ok 2 - deployment rejects legacy before migrations or service shutdown
  ---
  duration_ms: 2257.571957
  type: 'test'
  ...
# Subtest: deployment leaves services stopped without publishing on migration-failed
ok 3 - deployment leaves services stopped without publishing on migration-failed
  ---
  duration_ms: 2704.854483
  type: 'test'
  ...
# Subtest: deployment leaves services stopped without publishing on health-failed
ok 4 - deployment leaves services stopped without publishing on health-failed
  ---
  duration_ms: 3265.095049
  type: 'test'
  ...
# Subtest: deployment leaves services stopped without publishing on worker-failed
ok 5 - deployment leaves services stopped without publishing on worker-failed
  ---
  duration_ms: 3184.587457
  type: 'test'
  ...
# Subtest: healthy deployment stops writers before migrating and publishes after verification
ok 6 - healthy deployment stops writers before migrating and publishes after verification
  ---
  duration_ms: 3844.297359
  type: 'test'
  ...
1..6
# tests 6
# suites 0
# pass 6
# fail 0
# cancelled 0
# skipped 0
# todo 0
# duration_ms 16202.146214
