SET
BEGIN
ALTER TABLE
ALTER TABLE
ALTER TABLE
ALTER TABLE
ALTER TABLE
ALTER TABLE
CREATE TABLE
CREATE TABLE
CREATE INDEX
ALTER TABLE
ALTER TABLE
ALTER TABLE
ALTER TABLE
CREATE INDEX
INSERT 0 0
ALTER TABLE
UPDATE 0
INSERT 0 1
COMMIT
SET
BEGIN
CREATE TABLE
ALTER TABLE
ALTER TABLE
ALTER TABLE
ALTER TABLE
ALTER TABLE
ALTER TABLE
ALTER TABLE
ALTER TABLE
CREATE TABLE
ALTER TABLE
ALTER TABLE
ALTER TABLE
INSERT 0 1
COMMIT
SET
BEGIN
CREATE TABLE
CREATE TABLE
ALTER TABLE
ALTER TABLE
INSERT 0 1
COMMIT
SET
BEGIN
CREATE TABLE
ALTER TABLE
CREATE INDEX
INSERT 0 1
COMMIT
SET
BEGIN
ALTER TABLE
INSERT 0 1
COMMIT
SET
BEGIN
CREATE TABLE
ALTER TABLE
ALTER TABLE
CREATE FUNCTION
CREATE TRIGGER
INSERT 0 1
COMMIT
SET
BEGIN
CREATE TABLE
CREATE TABLE
CREATE TABLE
CREATE TABLE
CREATE TRIGGER
CREATE TRIGGER
CREATE TRIGGER
CREATE TRIGGER
INSERT 0 1
COMMIT
SET
BEGIN
ALTER TABLE
CREATE TABLE
CREATE TRIGGER
INSERT 0 1
COMMIT
SET
BEGIN
ALTER TABLE
CREATE TABLE
CREATE TRIGGER
INSERT 0 1
COMMIT
SET
BEGIN
ALTER TABLE
CREATE INDEX
INSERT 0 1
COMMIT
