
> syncos@0.1.0 build
> npm run build --workspaces --if-present


> @syncos/api@0.1.0 build
> npm run clean && npm run build:deps && nest build


> @syncos/api@0.1.0 clean
> node -e "require('fs').rmSync('dist', { recursive: true, force: true })"


> @syncos/api@0.1.0 build:deps
> npm run build -w @syncos/auth && npm run build -w @syncos/database && npm run build -w @syncos/events && npm run build -w @syncos/permissions && npm run build -w @syncos/shared


> @syncos/auth@0.1.0 build
> tsc


> @syncos/database@0.1.0 build
> tsc


> @syncos/events@0.1.0 build
> tsc


> @syncos/permissions@0.1.0 build
> tsc


> @syncos/shared@0.1.0 build
> tsc


> @syncos/web@0.1.0 build
> next build

   ▲ Next.js 15.5.26

   Creating an optimized production build ...
 ✓ Compiled successfully in 27.9s
   Linting and checking validity of types ...
   Collecting page data ...
   Generating static pages (0/104) ...
   Generating static pages (26/104) 
   Generating static pages (52/104) 
   Generating static pages (78/104) 
 ✓ Generating static pages (104/104)
   Finalizing page optimization ...
   Collecting build traces ...

Route (app)                                         Size  First Load JS
┌ ○ /                                            2.21 kB         118 kB
├ ○ /_not-found                                    989 B         104 kB
├ ○ /accepted-production-financials              7.47 kB         122 kB
├ ƒ /accounting-export-items/[id]                  175 B         133 kB
├ ○ /accounting-exports                            174 B         133 kB
├ ƒ /accounting-exports/[id]                       174 B         133 kB
├ ƒ /accounting-exports/[id]/edit                  175 B         133 kB
├ ○ /accounting-exports/new                        174 B         133 kB
├ ○ /activate-employee                              3 kB         112 kB
├ ƒ /api/syncos/[...path]                          138 B         103 kB
├ ○ /bank-reconciliation                           174 B         133 kB
├ ƒ /bank-reconciliation/accounts/[id]             174 B         133 kB
├ ƒ /bank-reconciliation/accounts/[id]/edit        174 B         133 kB
├ ○ /bank-reconciliation/accounts/new              174 B         133 kB
├ ƒ /bank-reconciliation/transactions/[id]         174 B         133 kB
├ ƒ /bank-reconciliation/transactions/[id]/edit    175 B         133 kB
├ ○ /bank-reconciliation/transactions/new          174 B         133 kB
├ ○ /billable                                      169 B         128 kB
├ ƒ /billable/[id]                                 171 B         128 kB
├ ƒ /billable/[id]/edit                            170 B         128 kB
├ ○ /billable/new                                  169 B         128 kB
├ ○ /cash                                          174 B         131 kB
├ ƒ /cash/receipts/[id]                            170 B         131 kB
├ ƒ /cash/receipts/[id]/edit                       172 B         131 kB
├ ○ /cash/receipts/new                             173 B         131 kB
├ ○ /collection-actions                            170 B         131 kB
├ ƒ /collection-actions/[id]                       171 B         131 kB
├ ○ /collections                                   170 B         131 kB
├ ƒ /collections/[id]                              171 B         131 kB
├ ƒ /collections/[id]/edit                         171 B         131 kB
├ ○ /collections/new                               171 B         131 kB
├ ○ /command-center                              2.91 kB         119 kB
├ ○ /constraints-center                          1.05 kB         117 kB
├ ○ /contractor-payables                           174 B         133 kB
├ ƒ /contractor-payables/[id]                      174 B         133 kB
├ ƒ /contractor-payables/[id]/edit                 173 B         133 kB
├ ○ /contractor-payables/new                       174 B         133 kB
├ ○ /customer-qc                                 8.63 kB         118 kB
├ ○ /executive                                   2.08 kB         118 kB
├ ○ /field-setup                                 3.68 kB         113 kB
├ ○ /finance                                     1.86 kB         118 kB
├ ○ /growth                                      1.12 kB         117 kB
├ ○ /intelligence                                  138 B         103 kB
├ ○ /intelligence/account-onboarding             6.92 kB         123 kB
├ ○ /intelligence/contacts                         171 B         127 kB
├ ƒ /intelligence/contacts/[id]                    170 B         127 kB
├ ƒ /intelligence/contacts/[id]/edit               174 B         127 kB
├ ○ /intelligence/contacts/new                     174 B         127 kB
├ ○ /intelligence/organizations                    170 B         129 kB
├ ƒ /intelligence/organizations/[id]               171 B         129 kB
├ ƒ /intelligence/organizations/[id]/edit          174 B         129 kB
├ ○ /intelligence/organizations/new                174 B         129 kB
├ ○ /intelligence/relationship-maps                171 B         128 kB
├ ƒ /intelligence/relationship-maps/[id]           170 B         128 kB
├ ƒ /intelligence/relationship-maps/[id]/edit      174 B         128 kB
├ ○ /intelligence/relationship-maps/new            174 B         128 kB
├ ○ /intelligence/signals                        6.21 kB         124 kB
├ ƒ /intelligence/signals/[id]                   5.71 kB         123 kB
├ ○ /internal-workforce                           4.3 kB         114 kB
├ ○ /invoices                                      173 B         132 kB
├ ƒ /invoices/[id]                                 173 B         132 kB
├ ƒ /invoices/[id]/edit                            172 B         132 kB
├ ○ /invoices/new                                  174 B         132 kB
├ ○ /kpis-center                                    1 kB         117 kB
├ ○ /login                                       3.32 kB         113 kB
├ ○ /operations                                  2.66 kB         119 kB
├ ○ /opportunities                                 138 B         103 kB
├ ƒ /opportunities/[id]                            170 B         129 kB
├ ƒ /opportunities/[id]/edit                       174 B         129 kB
├ ○ /opportunities/candidates                      169 B         128 kB
├ ƒ /opportunities/candidates/[id]                 169 B         128 kB
├ ƒ /opportunities/candidates/[id]/edit            173 B         128 kB
├ ○ /opportunities/candidates/new                  173 B         128 kB
├ ○ /opportunities/capacity-matching             3.08 kB         119 kB
├ ○ /opportunities/coverage                        171 B         131 kB
├ ƒ /opportunities/coverage/[id]                   171 B         131 kB
├ ƒ /opportunities/coverage/[id]/edit              174 B         131 kB
├ ƒ /opportunities/coverage/new                    174 B         131 kB
├ ○ /opportunities/new                             174 B         129 kB
├ ○ /opportunities/pipeline                        170 B         129 kB
├ ○ /partner                                       130 B         162 kB
├ ○ /partner-network                             4.88 kB         121 kB
├ ○ /partner-performance                         4.87 kB         114 kB
├ ○ /partner/agreements                            129 B         162 kB
├ ƒ /partner/agreements/[id]                       130 B         162 kB
├ ○ /partner/company                               130 B         162 kB
├ ○ /partner/compliance                            128 B         162 kB
├ ○ /partner/corrections                           129 B         162 kB
├ ○ /partner/crews                                 130 B         162 kB
├ ƒ /partner/crews/[id]                            130 B         162 kB
├ ○ /partner/customer-qc                           129 B         162 kB
├ ○ /partner/field/map                             138 B         103 kB
├ ○ /partner/field/today                           138 B         103 kB
├ ƒ /partner/invite/[token]                      1.77 kB         111 kB
├ ○ /partner/jsa                                   130 B         162 kB
├ ○ /partner/mobilization                          129 B         162 kB
├ ○ /partner/onboarding                            130 B         162 kB
├ ○ /partner/payments                              130 B         162 kB
├ ○ /partner/performance                           130 B         162 kB
├ ○ /partner/production                            129 B         162 kB
├ ○ /partner/production/review                     130 B         162 kB
├ ○ /partner/settlements                           130 B         162 kB
├ ○ /partner/vehicles                              130 B         162 kB
├ ○ /partner/work-orders                           130 B         162 kB
├ ƒ /partner/work-orders/[id]                      129 B         162 kB
├ ○ /partner/workers                               130 B         162 kB
├ ƒ /partner/workers/[id]                          130 B         162 kB
├ ○ /partner/workforce                             130 B         162 kB
├ ○ /passport                                    2.06 kB         118 kB
├ ○ /payment-applications                          173 B         131 kB
├ ƒ /payment-applications/[id]                     173 B         131 kB
├ ƒ /payment-items/[id]                            174 B         132 kB
├ ○ /payment-retainage-adjustments               4.55 kB         119 kB
├ ○ /payments                                      174 B         132 kB
├ ƒ /payments/[id]                                 174 B         132 kB
├ ƒ /payments/[id]/edit                            174 B         132 kB
├ ○ /payments/new                                  174 B         132 kB
├ ○ /payroll                                       168 B         131 kB
├ ƒ /payroll/[id]                                  170 B         131 kB
├ ƒ /payroll/[id]/edit                             171 B         131 kB
├ ○ /payroll/new                                   171 B         131 kB
├ ○ /production                                    174 B         134 kB
├ ○ /production-dashboard                        2.81 kB         119 kB
├ ƒ /production/[id]                               174 B         134 kB
├ ƒ /production/[id]/edit                          174 B         134 kB
├ ○ /production/new                                175 B         134 kB
├ ○ /project-handoffs                            3.47 kB         119 kB
├ ○ /projects                                      169 B         126 kB
├ ƒ /projects/[id]                                 169 B         126 kB
├ ƒ /projects/[id]/edit                            171 B         126 kB
├ ○ /qc                                            182 B         132 kB
├ ƒ /qc/[id]                                       174 B         132 kB
├ ƒ /qc/[id]/edit                                  175 B         132 kB
├ ○ /qc/new                                        174 B         132 kB
├ ○ /recommendations-center                      1.05 kB         117 kB
├ ƒ /reconciliation-matches/[id]                   174 B         133 kB
├ ○ /settlements                                   171 B         130 kB
├ ƒ /settlements/[id]                              171 B         130 kB
├ ƒ /settlements/[id]/edit                         170 B         130 kB
├ ○ /settlements/new                               171 B         130 kB
├ ○ /syncfield/corrections                         129 B         162 kB
├ ○ /syncfield/crew                                130 B         162 kB
├ ○ /syncfield/design-prep                       4.08 kB         113 kB
├ ○ /syncfield/jsa                                 129 B         162 kB
├ ○ /syncfield/map                                 129 B         162 kB
├ ○ /syncfield/production                          130 B         162 kB
├ ○ /syncfield/production/review                   129 B         162 kB
├ ○ /syncfield/today                               130 B         162 kB
├ ○ /syncfield/workload                            130 B         162 kB
├ ○ /training                                    32.2 kB         148 kB
├ ○ /work-orders                                   174 B         133 kB
├ ƒ /work-orders/[id]                              174 B         133 kB
├ ƒ /work-orders/[id]/edit                         174 B         133 kB
├ ○ /work-orders/new                               174 B         133 kB
├ ○ /work-safety                                 3.38 kB         109 kB
└ ○ /workflows-center                            1.11 kB         117 kB
+ First Load JS shared by all                     103 kB
  ├ chunks/18-498168fb58dcd546.js                46.4 kB
  ├ chunks/87c73c54-24122e7b92478d00.js          54.2 kB
  └ other shared chunks (total)                  1.95 kB


○  (Static)   prerendered as static content
ƒ  (Dynamic)  server-rendered on demand


> @syncos/worker@0.1.0 build
> npm run build:deps && tsc


> @syncos/worker@0.1.0 build:deps
> npm run build -w @syncos/shared


> @syncos/shared@0.1.0 build
> tsc


> @syncos/auth@0.1.0 build
> tsc


> @syncos/database@0.1.0 build
> tsc


> @syncos/events@0.1.0 build
> tsc


> @syncos/permissions@0.1.0 build
> tsc


> @syncos/shared@0.1.0 build
> tsc

