TAP version 13
# Subtest: financial directories expose older batches with stable paging, tenant isolation and validated bounds
ok 1 - financial directories expose older batches with stable paging, tenant isolation and validated bounds
  ---
  duration_ms: 272.36713
  type: 'test'
  ...
# Subtest: bank directories page all accounts, transactions and matches without losing older records
ok 2 - bank directories page all accounts, transactions and matches without losing older records
  ---
  duration_ms: 1434.883028
  type: 'test'
  ...
# Subtest: accounting export filters honor date bounds and mapping/error flags
ok 3 - accounting export filters honor date bounds and mapping/error flags
  ---
  duration_ms: 192.380097
  type: 'test'
  ...
# Subtest: financial queue summaries use all matching rows, separate currencies and restrict item attention
ok 4 - financial queue summaries use all matching rows, separate currencies and restrict item attention
  ---
  duration_ms: 485.46191
  type: 'test'
  ...
# Subtest: export queues prioritize current lifecycle over retained approval and acceptance history
ok 5 - export queues prioritize current lifecycle over retained approval and acceptance history
  ---
  duration_ms: 70.574881
  type: 'test'
  ...
# Subtest: payment queues exclude terminal batches from scheduled and executed currency totals
ok 6 - payment queues exclude terminal batches from scheduled and executed currency totals
  ---
  duration_ms: 59.623945
  type: 'test'
  ...
1..6
# tests 6
# suites 0
# pass 6
# fail 0
# cancelled 0
# skipped 0
# todo 0
# duration_ms 4114.881312
