TAP version 13
# Subtest: financial directories expose older batches with stable paging, tenant isolation and validated bounds
ok 1 - financial directories expose older batches with stable paging, tenant isolation and validated bounds
  ---
  duration_ms: 70.344578
  type: 'test'
  ...
# Subtest: bank directories page all accounts, transactions and matches without losing older records
ok 2 - bank directories page all accounts, transactions and matches without losing older records
  ---
  duration_ms: 229.760443
  type: 'test'
  ...
# Subtest: accounting export filters honor date bounds and mapping/error flags
ok 3 - accounting export filters honor date bounds and mapping/error flags
  ---
  duration_ms: 21.240734
  type: 'test'
  ...
# Subtest: financial queue summaries use all matching rows, separate currencies and restrict item attention
ok 4 - financial queue summaries use all matching rows, separate currencies and restrict item attention
  ---
  duration_ms: 61.36548
  type: 'test'
  ...
1..4
# tests 4
# suites 0
# pass 4
# fail 0
# cancelled 0
# skipped 0
# todo 0
# duration_ms 815.003883
