
Running 870 tests using 1 worker

(node:11353) Warning: The 'NO_COLOR' env is ignored due to the 'FORCE_COLOR' env being set.
(Use `node --trace-warnings ...` to show where the warning was created)
  ✓    1 [chromium] › tests/e2e/accepted-production-financials.spec.ts:39:7 › P12 accepted production financials › production item choices stay tenant-scoped and exclude unauthorized partners (93ms)
  ✓    2 [chromium] › tests/e2e/accepted-production-financials.spec.ts:50:7 › P12 accepted production financials › Customer-accepted production converts to one Billable using Customer rate only (250ms)
  ✓    3 [chromium] › tests/e2e/accepted-production-financials.spec.ts:66:7 › P12 accepted production financials › Invoice, cash, payment application, and invoice balance stay in Customer revenue chain (193ms)
  ✓    4 [chromium] › tests/e2e/accepted-production-financials.spec.ts:90:7 › P12 accepted production financials › Partner settlement, Contractor Payable, and pay-when-paid eligibility use Partner rate (527ms)
  ✓    5 [chromium] › tests/e2e/accepted-production-financials.spec.ts:120:7 › P12 accepted production financials › Partner Admin sees own settlement without Customer rate or margin; Foreman and Partner B are denied (53ms)
  ✓    6 [chromium] › tests/e2e/accepted-production-financials.spec.ts:131:7 › P12 accepted production financials › Customer and Partner coil commercial policies are independent and preserve base accepted quantity (240ms)
  ✓    7 [chromium] › tests/e2e/accepted-production-financials.spec.ts:176:7 › P12 accepted production financials › Editing a schedule cannot change an already approved partner rate (121ms)
  ✓    8 [chromium] › tests/e2e/accepted-production-financials.spec.ts:186:7 › P12 accepted production financials › Post-billing Customer QC change creates exception without rewriting issued invoice or Billable (91ms)
  ✓    9 [chromium] › tests/e2e/accepted-production-financials.spec.ts:347:5 › a newer pending customer QC cycle blocks readiness using an older accepted decision (569ms)
  ✓   10 [chromium] › tests/e2e/accepted-production-financials.spec.ts:384:6 › Financial handoff completion safeguards › workflow choices are tenant-scoped; cash retry and duplicate settlement cannot double financial facts (626ms)
  ✓   11 [chromium] › tests/e2e/accepted-production-financials.spec.ts:404:6 › Financial handoff completion safeguards › accepted correction production code controls locked customer rate, preserving original record (389ms)
  ✓   12 [chromium] › tests/e2e/accepted-production-financials.spec.ts:422:5 › targeted reinspection retains unrelated accepted production while unresolved corrected work stays blocked (537ms)
  ✓   13 [chromium] › tests/e2e/accepted-production-financials.spec.ts:464:5 › four-decimal approved rates survive conversion and invoice storage without early rounding (453ms)
  ✓   14 [chromium] › tests/e2e/accepted-production-financials.spec.ts:482:5 › agreement UI approves a reviewed business calendar and shows its history (2.3s)
{"timestamp":"2026-10-07T01:58:24.548Z","category":"Event","message":"event_created","tenantId":"2decf427-2e5a-4c10-8f8f-ee90ef437663","actorUserId":"db39f93a-979a-4cff-8e0b-65bfe779b732","eventId":"130d10d8-5c59-4262-b116-7ac83ea78929","eventType":"passport.receipt_rehearsed","aggregateType":"passport","aggregateId":"30939756-5e43-4b4b-949e-db1230f97318"}
{"timestamp":"2026-10-07T01:58:24.553Z","category":"Audit","message":"audit_log_created","tenantId":"2decf427-2e5a-4c10-8f8f-ee90ef437663","actorUserId":"db39f93a-979a-4cff-8e0b-65bfe779b732","action":"passport.receipt_rehearsed","entityType":"passport_connection","entityId":"30939756-5e43-4b4b-949e-db1230f97318"}
{"timestamp":"2026-10-07T01:58:24.584Z","category":"Event","message":"event_created","tenantId":"2decf427-2e5a-4c10-8f8f-ee90ef437663","actorUserId":"db39f93a-979a-4cff-8e0b-65bfe779b732","eventId":"c2f2928d-a736-43b8-af9b-95eb60b5e5cf","eventType":"passport.receipt_rehearsed","aggregateType":"passport","aggregateId":"30939756-5e43-4b4b-949e-db1230f97318"}
{"timestamp":"2026-10-07T01:58:24.586Z","category":"Audit","message":"audit_log_created","tenantId":"2decf427-2e5a-4c10-8f8f-ee90ef437663","actorUserId":"db39f93a-979a-4cff-8e0b-65bfe779b732","action":"passport.receipt_rehearsed","entityType":"passport_connection","entityId":"30939756-5e43-4b4b-949e-db1230f97318"}
{"timestamp":"2026-10-07T01:58:24.711Z","category":"Event","message":"event_created","tenantId":"2decf427-2e5a-4c10-8f8f-ee90ef437663","actorUserId":"db39f93a-979a-4cff-8e0b-65bfe779b732","eventId":"dbc15cfa-98e7-4e7b-8402-fb6372223a46","eventType":"passport.receipt_rehearsed","aggregateType":"passport","aggregateId":"30939756-5e43-4b4b-949e-db1230f97318"}
{"timestamp":"2026-10-07T01:58:24.713Z","category":"Audit","message":"audit_log_created","tenantId":"2decf427-2e5a-4c10-8f8f-ee90ef437663","actorUserId":"db39f93a-979a-4cff-8e0b-65bfe779b732","action":"passport.receipt_rehearsed","entityType":"passport_connection","entityId":"30939756-5e43-4b4b-949e-db1230f97318"}
{"timestamp":"2026-10-07T01:58:24.715Z","category":"Event","message":"event_created","tenantId":"2decf427-2e5a-4c10-8f8f-ee90ef437663","actorUserId":"db39f93a-979a-4cff-8e0b-65bfe779b732","eventId":"c018a139-dfaf-4fd7-adda-2e4efc98cbdb","eventType":"cash_receipt.applied","aggregateType":"cash_receipt","aggregateId":"d760f811-cc2e-48a4-96e2-84b5eee50f40"}
{"timestamp":"2026-10-07T01:58:24.717Z","category":"Audit","message":"audit_log_created","tenantId":"2decf427-2e5a-4c10-8f8f-ee90ef437663","actorUserId":"db39f93a-979a-4cff-8e0b-65bfe779b732","action":"cash_receipt.apply","entityType":"cash_receipt","entityId":"d760f811-cc2e-48a4-96e2-84b5eee50f40"}
{"timestamp":"2026-10-07T01:58:24.721Z","category":"Event","message":"event_created","tenantId":"2decf427-2e5a-4c10-8f8f-ee90ef437663","actorUserId":"db39f93a-979a-4cff-8e0b-65bfe779b732","eventId":"33d73601-e04d-47df-8118-0ef6d5364b7d","eventType":"invoice.payment_applied","aggregateType":"invoice","aggregateId":"c90490ea-90ac-4efc-9ba8-1d10c387ef30"}
{"timestamp":"2026-10-07T01:58:24.725Z","category":"Audit","message":"audit_log_created","tenantId":"2decf427-2e5a-4c10-8f8f-ee90ef437663","actorUserId":"db39f93a-979a-4cff-8e0b-65bfe779b732","action":"invoice.cash_application.update","entityType":"invoice","entityId":"c90490ea-90ac-4efc-9ba8-1d10c387ef30"}
{"timestamp":"2026-10-07T01:58:24.727Z","category":"Event","message":"event_created","tenantId":"2decf427-2e5a-4c10-8f8f-ee90ef437663","actorUserId":"db39f93a-979a-4cff-8e0b-65bfe779b732","eventId":"8a984e23-d95b-4e2d-b6e8-87fd1ba59bf9","eventType":"invoice.balance_updated","aggregateType":"invoice","aggregateId":"c90490ea-90ac-4efc-9ba8-1d10c387ef30"}
{"timestamp":"2026-10-07T01:58:24.730Z","category":"Audit","message":"audit_log_created","tenantId":"2decf427-2e5a-4c10-8f8f-ee90ef437663","actorUserId":"db39f93a-979a-4cff-8e0b-65bfe779b732","action":"invoice.cash_application.update","entityType":"invoice","entityId":"c90490ea-90ac-4efc-9ba8-1d10c387ef30"}
{"timestamp":"2026-10-07T01:58:24.733Z","category":"Event","message":"event_created","tenantId":"2decf427-2e5a-4c10-8f8f-ee90ef437663","actorUserId":"db39f93a-979a-4cff-8e0b-65bfe779b732","eventId":"66e9205a-f8ae-4551-b04c-172958e5e8df","eventType":"payment_application.created","aggregateType":"payment_application","aggregateId":"96154424-62c5-4367-900d-537d92ea517c"}
{"timestamp":"2026-10-07T01:58:24.735Z","category":"Audit","message":"audit_log_created","tenantId":"2decf427-2e5a-4c10-8f8f-ee90ef437663","actorUserId":"db39f93a-979a-4cff-8e0b-65bfe779b732","action":"payment_application.create","entityType":"payment_application","entityId":"96154424-62c5-4367-900d-537d92ea517c"}
{"timestamp":"2026-10-07T01:58:24.736Z","category":"Event","message":"event_created","tenantId":"2decf427-2e5a-4c10-8f8f-ee90ef437663","actorUserId":"db39f93a-979a-4cff-8e0b-65bfe779b732","eventId":"71c6f557-f38c-45c0-a30f-a780dc0b1df8","eventType":"cash_receipt.created","aggregateType":"cash_receipt","aggregateId":"d760f811-cc2e-48a4-96e2-84b5eee50f40"}
{"timestamp":"2026-10-07T01:58:24.737Z","category":"Audit","message":"audit_log_created","tenantId":"2decf427-2e5a-4c10-8f8f-ee90ef437663","actorUserId":"db39f93a-979a-4cff-8e0b-65bfe779b732","action":"passport.receipt_created","entityType":"cash_receipt","entityId":"d760f811-cc2e-48a4-96e2-84b5eee50f40"}
{"timestamp":"2026-10-07T01:58:24.854Z","category":"Event","message":"event_created","tenantId":"2decf427-2e5a-4c10-8f8f-ee90ef437663","actorUserId":"db39f93a-979a-4cff-8e0b-65bfe779b732","eventId":"4f04b8a4-6a78-4fde-ac5b-575f9c841793","eventType":"passport.receipt_rehearsed","aggregateType":"passport","aggregateId":"30939756-5e43-4b4b-949e-db1230f97318"}
{"timestamp":"2026-10-07T01:58:24.857Z","category":"Audit","message":"audit_log_created","tenantId":"2decf427-2e5a-4c10-8f8f-ee90ef437663","actorUserId":"db39f93a-979a-4cff-8e0b-65bfe779b732","action":"passport.receipt_rehearsed","entityType":"passport_connection","entityId":"30939756-5e43-4b4b-949e-db1230f97318"}
{"timestamp":"2026-10-07T01:58:24.869Z","category":"Event","message":"event_created","tenantId":"2decf427-2e5a-4c10-8f8f-ee90ef437663","actorUserId":"db39f93a-979a-4cff-8e0b-65bfe779b732","eventId":"fab238fc-c225-46c7-8495-0743a3328754","eventType":"passport.receipt_rehearsed","aggregateType":"passport","aggregateId":"30939756-5e43-4b4b-949e-db1230f97318"}
{"timestamp":"2026-10-07T01:58:24.870Z","category":"Audit","message":"audit_log_created","tenantId":"2decf427-2e5a-4c10-8f8f-ee90ef437663","actorUserId":"db39f93a-979a-4cff-8e0b-65bfe779b732","action":"passport.receipt_rehearsed","entityType":"passport_connection","entityId":"30939756-5e43-4b4b-949e-db1230f97318"}
{"timestamp":"2026-10-07T01:58:24.925Z","category":"Event","message":"event_created","tenantId":"2decf427-2e5a-4c10-8f8f-ee90ef437663","actorUserId":"db39f93a-979a-4cff-8e0b-65bfe779b732","eventId":"8bb1123f-cb4d-4ec7-8405-fdf729455fd0","eventType":"passport.receipt_rehearsed","aggregateType":"passport","aggregateId":"30939756-5e43-4b4b-949e-db1230f97318"}
{"timestamp":"2026-10-07T01:58:24.934Z","category":"Audit","message":"audit_log_created","tenantId":"2decf427-2e5a-4c10-8f8f-ee90ef437663","actorUserId":"db39f93a-979a-4cff-8e0b-65bfe779b732","action":"passport.receipt_rehearsed","entityType":"passport_connection","entityId":"30939756-5e43-4b4b-949e-db1230f97318"}
{"timestamp":"2026-10-07T01:58:24.936Z","category":"Event","message":"event_created","tenantId":"2decf427-2e5a-4c10-8f8f-ee90ef437663","actorUserId":"db39f93a-979a-4cff-8e0b-65bfe779b732","eventId":"f140fc12-5e53-4df3-a161-5be2a182d420","eventType":"cash_receipt.applied","aggregateType":"cash_receipt","aggregateId":"5a21f253-0045-4534-94fa-c30aa113da0f"}
{"timestamp":"2026-10-07T01:58:24.941Z","category":"Audit","message":"audit_log_created","tenantId":"2decf427-2e5a-4c10-8f8f-ee90ef437663","actorUserId":"db39f93a-979a-4cff-8e0b-65bfe779b732","action":"cash_receipt.apply","entityType":"cash_receipt","entityId":"5a21f253-0045-4534-94fa-c30aa113da0f"}
{"timestamp":"2026-10-07T01:58:24.944Z","category":"Event","message":"event_created","tenantId":"2decf427-2e5a-4c10-8f8f-ee90ef437663","actorUserId":"db39f93a-979a-4cff-8e0b-65bfe779b732","eventId":"a8f3cf55-f028-4793-8674-6707156c65ad","eventType":"invoice.payment_applied","aggregateType":"invoice","aggregateId":"c90490ea-90ac-4efc-9ba8-1d10c387ef30"}
{"timestamp":"2026-10-07T01:58:24.950Z","category":"Audit","message":"audit_log_created","tenantId":"2decf427-2e5a-4c10-8f8f-ee90ef437663","actorUserId":"db39f93a-979a-4cff-8e0b-65bfe779b732","action":"invoice.cash_application.update","entityType":"invoice","entityId":"c90490ea-90ac-4efc-9ba8-1d10c387ef30"}
{"timestamp":"2026-10-07T01:58:24.952Z","category":"Event","message":"event_created","tenantId":"2decf427-2e5a-4c10-8f8f-ee90ef437663","actorUserId":"db39f93a-979a-4cff-8e0b-65bfe779b732","eventId":"f5d0a6b3-2b31-4525-ada7-ae5e4d975d9f","eventType":"invoice.balance_updated","aggregateType":"invoice","aggregateId":"c90490ea-90ac-4efc-9ba8-1d10c387ef30"}
{"timestamp":"2026-10-07T01:58:24.956Z","category":"Audit","message":"audit_log_created","tenantId":"2decf427-2e5a-4c10-8f8f-ee90ef437663","actorUserId":"db39f93a-979a-4cff-8e0b-65bfe779b732","action":"invoice.cash_application.update","entityType":"invoice","entityId":"c90490ea-90ac-4efc-9ba8-1d10c387ef30"}
{"timestamp":"2026-10-07T01:58:24.959Z","category":"Event","message":"event_created","tenantId":"2decf427-2e5a-4c10-8f8f-ee90ef437663","actorUserId":"db39f93a-979a-4cff-8e0b-65bfe779b732","eventId":"efeab813-2b8c-48f4-a641-2a7178c2a0af","eventType":"payment_application.created","aggregateType":"payment_application","aggregateId":"49076ae3-6897-4cc4-9654-cdf37607eebb"}
{"timestamp":"2026-10-07T01:58:24.962Z","category":"Audit","message":"audit_log_created","tenantId":"2decf427-2e5a-4c10-8f8f-ee90ef437663","actorUserId":"db39f93a-979a-4cff-8e0b-65bfe779b732","action":"payment_application.create","entityType":"payment_application","entityId":"49076ae3-6897-4cc4-9654-cdf37607eebb"}
{"timestamp":"2026-10-07T01:58:24.964Z","category":"Event","message":"event_created","tenantId":"2decf427-2e5a-4c10-8f8f-ee90ef437663","actorUserId":"db39f93a-979a-4cff-8e0b-65bfe779b732","eventId":"19a33ab5-3e55-47f8-be7b-d0e945fc0c9e","eventType":"cash_receipt.created","aggregateType":"cash_receipt","aggregateId":"5a21f253-0045-4534-94fa-c30aa113da0f"}
{"timestamp":"2026-10-07T01:58:24.966Z","category":"Audit","message":"audit_log_created","tenantId":"2decf427-2e5a-4c10-8f8f-ee90ef437663","actorUserId":"db39f93a-979a-4cff-8e0b-65bfe779b732","action":"passport.receipt_created","entityType":"cash_receipt","entityId":"5a21f253-0045-4534-94fa-c30aa113da0f"}
  ✓   15 [chromium] › tests/e2e/accepted-production-financials.spec.ts:507:5 › prepared customer receipts post once, retain partial balances and send overpayments and reversals to review (1.8s)
  ✓   16 [chromium] › tests/e2e/account-onboarding-visibility.spec.ts:6:5 › saved profiles do not hide newly identified accounts (1.6s)
  ✓   17 [chromium] › tests/e2e/action-states/action-state-boundaries.spec.ts:33:9 › Action-state boundaries — open/cancel must not mutate forbidden tables › [Production] prodDraft: cancel does not mutate forbidden tables (2.4s)
  ✘   18 [chromium] › tests/e2e/action-states/action-state-boundaries.spec.ts:33:9 › Action-state boundaries — open/cancel must not mutate forbidden tables › [Production] prodSubmitted: cancel does not mutate forbidden tables (2.3s)
(node:11457) Warning: The 'NO_COLOR' env is ignored due to the 'FORCE_COLOR' env being set.
(Use `node --trace-warnings ...` to show where the warning was created)
  ✘   19 [chromium] › tests/e2e/action-states/action-state-boundaries.spec.ts:33:9 › Action-state boundaries — open/cancel must not mutate forbidden tables › [Production] prodUnderReview: cancel does not mutate forbidden tables (5.7s)
(node:11494) Warning: The 'NO_COLOR' env is ignored due to the 'FORCE_COLOR' env being set.
(Use `node --trace-warnings ...` to show where the warning was created)
  ✓   20 [chromium] › tests/e2e/action-states/action-state-boundaries.spec.ts:33:9 › Action-state boundaries — open/cancel must not mutate forbidden tables › [Production] prodCorrectionRequested: cancel does not mutate forbidden tables (7.1s)
  ✘   21 [chromium] › tests/e2e/action-states/action-state-boundaries.spec.ts:33:9 › Action-state boundaries — open/cancel must not mutate forbidden tables › [Production] prodApprovedNotMarked: cancel does not mutate forbidden tables (3.0s)
(node:11570) Warning: The 'NO_COLOR' env is ignored due to the 'FORCE_COLOR' env being set.
(Use `node --trace-warnings ...` to show where the warning was created)
