
> syncos@0.1.0 db:migrate
> npm run migrate -w @syncos/database


> @syncos/database@0.1.0 migrate
> node scripts/migrate.js

applied 001_tenants_users_roles_permissions.sql
applied 002_territories_organizations.sql
applied 003_contacts_relationships.sql
applied 004_signals_evidence.sql
applied 005_relationship_maps_paths.sql
applied 006_opportunity_candidates_opportunities.sql
applied 007_capacity_providers_crews_workers_equipment.sql
applied 008_compliance_documents_capacity_records.sql
applied 009_projects_work_orders_production.sql
applied 010_contracts_rates_settlements_invoices_payments.sql
applied 011_constraints_recommendations.sql
applied 012_events_actions_approvals_audit.sql
applied 013_workflows_tasks_escalations.sql
applied 014_kpis_learning.sql
applied 015_files_file_links.sql
applied 016_tenant_fk_hardening.sql
applied 017_intelligence_signal_contract_hardening.sql
applied 018_organization_contract_hardening.sql
applied 019_contact_contract_hardening.sql
applied 020_relationship_contract_hardening.sql
applied 021_opportunity_candidate_contract_hardening.sql
applied 022_opportunity_pipeline_contract_hardening.sql
applied 023_opportunity_approval_policy_hardening.sql
applied 024_coverage_planning_contract_foundation.sql
applied 025_coverage_planning_backend_hardening.sql
applied 026_project_handoff_contract_foundation.sql
applied 027_project_backend_contract_hardening.sql
applied 028_work_order_contract_hardening.sql
applied 029_production_contract_hardening.sql
applied 030_qc_review_contract_foundation.sql
applied 031_billable_contract_foundation.sql
applied 032_settlement_contract_foundation.sql
applied 033_invoice_contract_foundation.sql
applied 034_cash_application_contract_foundation.sql
applied 035_collections_contract_foundation.sql
applied 036_contractor_payable_contract_foundation.sql
applied 037_payroll_contract_foundation.sql
applied 038_payment_execution_contract_foundation.sql
applied 039_bank_reconciliation_contract_foundation.sql
applied 040_accounting_export_contract_foundation.sql
applied 041_account_onboarding_contract_foundation.sql
applied 042_partner_compliance_onboarding_foundation.sql
applied 043_partner_workforce_credentials_foundation.sql
applied 044_partner_agreements_work_orders_vehicles_foundation.sql
applied 045_partner_mobilization_readiness_foundation.sql
applied 046_syncfield_map_jsa_foundation.sql
applied 047_syncfield_daily_production_foundation.sql
applied 048_syncfield_customer_qc_foundation.sql
applied 049_syncfield_production_exports_closeout.sql
applied 050_accepted_production_financials.sql
applied 051_payment_retainage_adjustments.sql
applied 052_partner_performance_capacity_intelligence.sql
applied 053_opportunity_capacity_matching.sql
applied 054_executive_command_throughput.sql
applied 055_partner_onboarding_invitations.sql
applied 056_syncfield_field_traceability.sql
applied 057_syncfield_design_segments_redlines.sql
applied 058_syncfield_coil_slack_observations.sql
applied 059_syncfield_coil_commercial_policy.sql
applied 060_partner_onboarding_submissions.sql
applied 061_internal_workforce_and_external_payments.sql
applied 062_internal_account_invitations.sql
applied 063_field_billing_units.sql
applied 064_restore_production_export_file_types.sql
applied 065_demo_execution_permission_reconciliation.sql
applied 066_finance_workflow_idempotency.sql
applied 067_syncfield_evidence_incidents.sql
applied 068_partner_setup_requests.sql
applied 069_demo_crew_organization_link.sql
applied 070_pre_payment_evidence_limits.sql
applied 071_jsa_revision_provenance.sql
applied 072_external_payment_review_inbox.sql
applied 073_work_safety_authorization.sql
applied 074_field_evidence_readiness.sql
applied 075_production_quantity_review.sql
applied 076_prime_correction_deadlines.sql
applied 077_customer_acceptance_quantity_provenance.sql
applied 078_approved_commercial_terms.sql
applied 079_invoice_packages_delivery.sql
applied 080_partner_contract_payment_terms.sql
applied 081_legacy_correction_export_provenance.sql
applied 082_invoice_event_order.sql
applied 083_commercial_precision_calendars.sql
applied 084_payment_installment_schedule.sql
applied 085_payable_schedule_freshness.sql
applied 086_passport_durable_intake.sql
applied 087_installment_paid_balance_due.sql
applied 088_passport_refresh_generations.sql
applied 089_retained_fund_release_terms.sql
applied 090_retained_fund_source_links.sql
applied 091_workflow_action_retry_keys.sql
applied 092_password_recovery.sql
applied 093_supplemental_forms.sql
applied 094_material_inventory.sql
applied 095_customer_service_inquiries.sql
applied 096_product_workspace_admin_grants.sql
applied 097_resumable_field_evidence.sql
applied 098_resumable_evidence_original_limit.sql
applied 099_public_intake_follow_up.sql
applied 100_field_form_assignments.sql
applied 101_workflow_notifications.sql
applied 102_record_history_indexes.sql
applied 103_company_field_delegation.sql
applied 104_prepared_payment_posting.sql
applied 105_prepared_customer_receipts.sql
applied 106_company_material_discrepancies.sql
applied 107_alternative_sign_in.sql
applied 108_prime_delivery_outbox.sql
applied 109_identity_audit_integrity.sql
applied 110_account_program_evidence.sql
TAP version 13
npm notice
npm notice New major version of npm available! 10.8.2 -> 12.2.0
npm notice Changelog: https://github.com/npm/cli/releases/tag/v12.2.0
npm notice To update run: npm install -g npm@12.2.0
npm notice
# {"scenario":"synthetic queue interruption","jobs":1000,"consumers":4,"abandonedLeases":4,"elapsedMs":3105,"automaticPayments":0}
# Subtest: four refresh consumers drain 1000 queued hints and recover interrupted leases without duplicate completion
ok 1 - four refresh consumers drain 1000 queued hints and recover interrupted leases without duplicate completion
  ---
  duration_ms: 3163.982315
  ...
# {"scenario":"synthetic database transport only","streams":20,"originalMiB":4,"totalMiB":80,"elapsedMs":2153,"rssGrowthMiB":132}
# Subtest: concurrent upload streams preserve originals and retry bounded finalization
ok 2 - concurrent upload streams preserve originals and retry bounded finalization
  ---
  duration_ms: 2215.142808
  ...
1..2
# tests 2
# suites 0
# pass 2
# fail 0
# cancelled 0
# skipped 0
# todo 0
# duration_ms 5686.083118
{"isolatedSyntheticDatabase": "syncos_synthetic_infrastructure_110", "liveStagingWrites": false, "externalPayments": false}
