
> syncos@0.1.0 e2e:supplemental
> playwright test --config tests/backlog-ui/playwright.config.ts && playwright test --config tests/passport-ui/playwright.config.ts && playwright test --config tests/company-field.config.ts && playwright test --config tests/offline-capture.config.ts && playwright test --config tests/identity-ui/playwright.config.ts && playwright test --config tests/onboarding-ui/playwright.config.ts


Running 14 tests using 1 worker

(node:22379) Warning: The 'NO_COLOR' env is ignored due to the 'FORCE_COLOR' env being set.
(Use `node --trace-warnings ...` to show where the warning was created)
  ✓   1 tests/backlog-ui/workspaces.spec.ts:5:5 › read-only roles see records without form, stock or inquiry mutation controls (1.4s)
  ✓   2 tests/backlog-ui/workspaces.spec.ts:10:5 › form designer publishes a revision and records a rendered answer (1.3s)
  ✓   3 tests/backlog-ui/workspaces.spec.ts:20:5 › inquiry failure preserves entries and retries the same request (925ms)
  ✓   4 tests/backlog-ui/workspaces.spec.ts:25:5 › inventory separates ordinary movements from approved count adjustments on a phone-sized viewport (606ms)
  ✓   5 tests/backlog-ui/workspaces.spec.ts:29:5 › saved form answers survive reload and preserve retry identity (1.2s)
  ✓   6 tests/backlog-ui/workspaces.spec.ts:35:5 › form drafts do not cross users or published versions (999ms)
  ✓   7 tests/backlog-ui/workspaces.spec.ts:39:5 › offline cold navigation exposes only matching unexpired saved context and logout removes it (615ms)
  ✓   8 tests/backlog-ui/workspaces.spec.ts:45:5 › public intake keeps a stable receipt reference across a lost response without sign-in (842ms)
  ✓   9 tests/backlog-ui/workspaces.spec.ts:51:5 › saved field form answers remain editable after cold offline navigation and preserve scope (773ms)
  ✓  10 tests/backlog-ui/workspaces.spec.ts:55:5 › cold offline production edits survive reload but attempted requests remain immutable (802ms)
  ✓  11 tests/backlog-ui/workspaces.spec.ts:59:5 › workflow delivery retries are hidden without update authority and preserve failed status on error (803ms)
  ✓  12 tests/backlog-ui/workspaces.spec.ts:63:5 › history searches all matching pages and opens existing guarded detail routes (875ms)
  ✓  13 tests/backlog-ui/workspaces.spec.ts:67:5 › field material use preserves the exact pending request across failure and reload (1.0s)
  ✓  14 tests/backlog-ui/workspaces.spec.ts:71:5 › organization-scoped grants do not expose tenant-wide history or notification actions (633ms)

  14 passed (14.5s)

Running 23 tests using 1 worker

(node:22533) Warning: The 'NO_COLOR' env is ignored due to the 'FORCE_COLOR' env being set.
(Use `node --trace-warnings ...` to show where the warning was created)
  ✓   1 tests/passport-ui/capacity-feedback.spec.ts:2:5 › capacity matching validates input, reports errors and completes recalculation (1.3s)
  ✓   2 tests/passport-ui/customer-qc.spec.ts:10:5 › customer decision failure preserves form and retry identity; phone layout fits (1.3s)
  ✓   3 tests/passport-ui/customer-qc.spec.ts:15:5 › completeness reader sees incidents but no unapproved decisions or completeness actions (880ms)
  ✓   4 tests/passport-ui/customer-qc.spec.ts:18:5 › QC report navigation reaches older reports, preserves the applied search and stops at the last page (1.4s)
  ✓   5 tests/passport-ui/design-prep.spec.ts:2:5 › design prep uses explicit measured geometry and retains input after failed save (1.1s)
  ✓   6 tests/passport-ui/finance-workflow.spec.ts:20:5 › accepted finance buttons use canonical endpoints, filter employee debt and preserve retry key (1.4s)
  ✓   7 tests/passport-ui/finance-workflow.spec.ts:37:5 › read-only finance sees metrics without any financial action controls (983ms)
  ✓   8 tests/passport-ui/finance-workflow.spec.ts:42:5 › retainage-only reviewer loads scoped release data without payment execution calls (1.2s)
  ✓   9 tests/passport-ui/finance-workflow.spec.ts:55:5 › each financial handoff form sends its intended canonical action (2.7s)
  ✓  10 tests/passport-ui/finance-workflow.spec.ts:73:5 › retainage authorization and reduced-acceptance review use selected record lineage (1.4s)
  ✓  11 tests/passport-ui/partner-setup.spec.ts:13:5 › company edits retain entries on failure and hide unauthorized actions (1.4s)
  ✓  12 tests/passport-ui/partner-setup.spec.ts:31:5 › read-only partner cannot see company submit or declaration controls (835ms)
  ✓  13 tests/passport-ui/partner-setup.spec.ts:37:5 › worker creation uses scoped endpoint and never submits approval (1.3s)
  ✓  14 tests/passport-ui/production-exports.spec.ts:2:5 › authorized operator generates scoped exports and downloads privately; failures are recoverable (1.3s)
  ✓  15 tests/passport-ui/production-exports.spec.ts:11:5 › dashboard reader does not see unauthorized export actions (788ms)
  ✓  16 tests/passport-ui/project-handoffs.spec.ts:2:5 › handoff follows named coverage source, explicit review, approval and planning project gates (1.9s)
  ✓  17 tests/passport-ui/qualification.spec.ts:2:5 › qualification resets company and checks, preserves failed notes, and sends only confirmed facts (1.6s)
  ✓  18 tests/passport-ui/training.spec.ts:2:5 › training provides searchable role guides, clear limitations and downloads (2.1s)
  ✓  19 tests/passport-ui/workspace.spec.ts:8:5 › finance sees simulation, filters and details without any write actions (2.3s)
  ✓  20 tests/passport-ui/workspace.spec.ts:20:5 › unapproved server identity overrides forged stored permissions and never requests preview (659ms)
  ✓  21 tests/passport-ui/workspace.spec.ts:23:5 › failed preview provides retry and recovers (990ms)
  ✓  22 tests/passport-ui/workspace.spec.ts:27:5 › saved preparation is distinct from preview, requires admin for accounts and never posts money (1.3s)
  ✓  23 tests/passport-ui/workspace.spec.ts:43:5 › finance without administrator permission cannot prepare accounts (717ms)

  23 passed (32.8s)

Running 3 tests using 1 worker

(node:22650) Warning: The 'NO_COLOR' env is ignored due to the 'FORCE_COLOR' env being set.
(Use `node --trace-warnings ...` to show where the warning was created)
  ✓  1 tests/company-field.browser.ts:12:5 › company reader sees coverage and custody without unauthorized actions (826ms)
  ✓  2 tests/company-field.browser.ts:15:5 › authorized company admin delegates exact version and reports a stock discrepancy without adjusting stock (1.1s)
  ✓  3 tests/company-field.browser.ts:20:5 › failed stock report retains count and stable request key for retry (834ms)

  3 passed (4.1s)

Running 4 tests using 1 worker

(node:22671) Warning: The 'NO_COLOR' env is ignored due to the 'FORCE_COLOR' env being set.
(Use `node --trace-warnings ...` to show where the warning was created)
  ✓  1 tests/offline-capture.browser.ts:14:5 › cold navigation restores map and new report, exact retry after ambiguous response (1.4s)
  ✓  2 tests/offline-capture.browser.ts:19:5 › shutdown rejection preserves report; another account cannot see it (856ms)
  ✓  3 tests/offline-capture.browser.ts:20:5 › corrupt map cannot replace a verified download and expired context is denied (747ms)
  ✓  4 tests/offline-capture.browser.ts:22:5 › an interrupted replacement map removes the outdated link and can be prepared again (770ms)

  4 passed (5.0s)

Running 4 tests using 1 worker

(node:22702) Warning: The 'NO_COLOR' env is ignored due to the 'FORCE_COLOR' env being set.
(Use `node --trace-warnings ...` to show where the warning was created)
  ✓  1 tests/identity-ui/sign-in.spec.ts:2:5 › email sign-in preserves inputs on failure and works at phone width (1.1s)
  ✓  2 tests/identity-ui/sign-in.spec.ts:3:5 › opening a magic link removes its token from the URL and waits for an explicit action (915ms)
  ✓  3 tests/identity-ui/sign-in.spec.ts:4:5 › SSO provider failure keeps a usable password return path and clears browser binding (1.1s)
  ✓  4 tests/identity-ui/sign-in.spec.ts:5:5 › SSO callback strips code and state and clears the one-time binding on failure (770ms)

  4 passed (4.9s)

Running 15 tests using 1 worker

(node:22715) Warning: The 'NO_COLOR' env is ignored due to the 'FORCE_COLOR' env being set.
(Use `node --trace-warnings ...` to show where the warning was created)
  ✓   1 tests/onboarding-ui/financial-directories.spec.ts:4:6 › payments displays attention items beyond 25 batches and reports incomplete loading (1.3s)
  ✓   2 tests/onboarding-ui/financial-directories.spec.ts:4:6 › accounting-exports displays attention items beyond 25 batches and reports incomplete loading (1.3s)
  ✓   3 tests/onboarding-ui/onboarding.spec.ts:3:5 › onboarding edit requires confirmation, preserves failures and sends the reviewed revision (851ms)
  ✓   4 tests/onboarding-ui/onboarding.spec.ts:8:5 › onboarding reader sees the profile without editing controls (525ms)
  ✓   5 tests/onboarding-ui/onboarding.spec.ts:9:5 › starting onboarding saves the chosen organization and lane only after review (720ms)
  ✓   6 tests/onboarding-ui/program-policies.spec.ts:4:5 › policy form preserves input on failure and requires source confirmation (1.1s)
  ✓   7 tests/onboarding-ui/program-policies.spec.ts:5:5 › read-only program review hides all mutation controls (565ms)
  ✓   8 tests/onboarding-ui/program-policies.spec.ts:7:5 › stalled access checks fail closed and offer a safe retry (15.6s)
  ✓   9 tests/onboarding-ui/program-policies.spec.ts:15:5 › onboarding board includes accounts beyond its first page (1.1s)
  ✓  10 tests/onboarding-ui/queue-filters.spec.ts:4:6 › payments filters refresh without losing input focus and attention excludes healthy items (2.6s)
  ✓  11 tests/onboarding-ui/queue-filters.spec.ts:4:6 › accounting-exports filters refresh without losing input focus and attention excludes healthy items (2.4s)
  ✓  12 tests/onboarding-ui/queue-filters.spec.ts:23:5 › reconciliation includes transactions beyond the former 250-record cutoff (1.3s)
  ✓  13 tests/onboarding-ui/queue-filters.spec.ts:35:59 › payments terminal queue preserves history without appearing approved (784ms)
  ✓  14 tests/onboarding-ui/queue-filters.spec.ts:35:59 › accounting-exports terminal queue preserves history without appearing approved (817ms)
  ✓  15 tests/onboarding-ui/queue-filters.spec.ts:47:5 › cash workbench exposes receipts beyond its former 100-record cutoff (714ms)

  15 passed (33.0s)
