TAP version 13
# Subtest: recovery protects tokens, resets once and revokes all old sessions
ok 1 - recovery protects tokens, resets once and revokes all old sessions
  ---
  duration_ms: 944.748716
  type: 'test'
  ...
# Subtest: delivery resumes after a database connection failure
ok 2 - delivery resumes after a database connection failure
  ---
  duration_ms: 1.622029
  type: 'test'
  ...
# Subtest: delivery retries are bounded and expired links cannot reset passwords
ok 3 - delivery retries are bounded and expired links cannot reset passwords
  ---
  duration_ms: 376.021291
  type: 'test'
  ...
1..3
# tests 3
# suites 0
# pass 3
# fail 0
# cancelled 0
# skipped 0
# todo 0
# duration_ms 3658.53702
