{
  "status": "passed",
  "scope": "Local synthetic coordinated database and restricted-file restore; not offsite or total-server-loss acceptance",
  "database": "syncos_recovery_20261005_102_verified",
  "tableCount": 221,
  "tableCounts": {
    "accepted_production_financial_sources": "0",
    "account_onboarding_profiles": "0",
    "accounting_export_batches": "0",
    "accounting_export_items": "0",
    "administrative_production_corrections": "0",
    "approvals": "0",
    "ar_records": "0",
    "audit_logs": "0",
    "bank_accounts": "0",
    "bank_transactions": "0",
    "billable_items": "0",
    "candidate_signals": "0",
    "capacity_gap_analyses": "0",
    "capacity_providers": "1",
    "capacity_records": "0",
    "cash_receipts": "0",
    "collection_actions": "0",
    "collection_cases": "0",
    "commercial_terms_revisions": "0",
    "compliance_documents": "0",
    "constraints": "0",
    "contact_relationships": "0",
    "contacts": "0",
    "contractor_payable_eligibility_snapshots": "0",
    "contractor_payable_items": "0",
    "contractor_payables": "0",
    "contracts": "0",
    "coverage_gaps": "0",
    "coverage_plans": "0",
    "coverage_requirements": "0",
    "coverage_sources": "0",
    "crews": "0",
    "customer_inquiry_files": "0",
    "customer_intake_channels": "0",
    "customer_payment_stats": "0",
    "customer_qc_cycles": "0",
    "customer_qc_decisions": "0",
    "customer_qc_evidence_links": "0",
    "customer_service_inquiries": "0",
    "daily_jsa_participants": "0",
    "daily_jsas": "0",
    "daily_production_report_revisions": "0",
    "daily_production_reports": "0",
    "equipment": "0",
    "event_payloads": "0",
    "events": "0",
    "executive_actions": "0",
    "executive_blocker_snapshots": "0",
    "executive_command_snapshots": "0",
    "external_partner_payments": "0",
    "external_payment_observations": "0",
    "field_evidence_policies": "0",
    "field_evidence_reviews": "0",
    "field_mutation_receipts": "0",
    "field_upload_chunks": "0",
    "field_upload_sessions": "0",
    "file_links": "0",
    "files": "0",
    "financial_adjustments": "0",
    "financial_exceptions": "0",
    "inquiry_follow_up_notifications": "0",
    "inquiry_notification_attempts": "0",
    "internal_account_invitations": "0",
    "internal_field_clearances": "0",
    "invoice_delivery_events": "0",
    "invoice_items": "0",
    "invoice_package_documents": "0",
    "invoice_package_policies": "0",
    "invoice_packages": "0",
    "invoices": "0",
    "kpi_alerts": "0",
    "kpi_definitions": "0",
    "kpi_snapshots": "0",
    "learning_events": "0",
    "learning_scores": "0",
    "map_annotations": "0",
    "material_locations": "0",
    "material_lots": "0",
    "material_movements": "0",
    "mobilization_context_requirements": "0",
    "mobilization_decisions": "0",
    "mobilization_overrides": "0",
    "mobilization_readiness_check_results": "0",
    "mobilization_readiness_evaluations": "0",
    "mobilization_requirement_policies": "0",
    "mobilization_source_event_invalidations": "0",
    "notice_acknowledgments": "0",
    "notice_to_proceed_versions": "0",
    "opportunities": "0",
    "opportunity_candidates": "0",
    "opportunity_capacity_requirements": "0",
    "opportunity_coverage_options": "0",
    "opportunity_crew_match_snapshots": "0",
    "opportunity_match_decisions": "0",
    "opportunity_partner_match_snapshots": "0",
    "opportunity_partner_shortlists": "0",
    "opportunity_requirement_profiles": "0",
    "organization_relationships": "0",
    "organizations": "1",
    "partner_agreement_versions": "0",
    "partner_capacity_intelligence_snapshots": "0",
    "partner_company_profiles": "0",
    "partner_company_submission_items": "0",
    "partner_company_submission_reviews": "0",
    "partner_company_submissions": "0",
    "partner_crew_memberships": "0",
    "partner_document_signatories": "0",
    "partner_document_signatures": "0",
    "partner_inquiries": "0",
    "partner_inquiry_qualification_events": "0",
    "partner_insurance_policies": "0",
    "partner_lifecycle_recommendations": "0",
    "partner_onboarding_invitations": "0",
    "partner_payment_attempts": "0",
    "partner_payment_instructions": "0",
    "partner_payment_profiles": "0",
    "partner_payment_trigger_events": "0",
    "partner_performance_score_components": "0",
    "partner_performance_snapshots": "0",
    "partner_restricted_evidence": "0",
    "partner_restricted_file_objects": "3",
    "partner_risk_flags": "0",
    "partner_setup_requests": "0",
    "partner_tax_profiles": "0",
    "partner_vehicle_assignments": "0",
    "partner_vehicle_condition_records": "0",
    "partner_vehicle_operator_authorizations": "0",
    "partner_work_order_crew_assignments": "0",
    "partner_work_order_versions": "0",
    "partner_worker_credentials": "0",
    "partner_worker_headshots": "0",
    "partner_worker_profiles": "0",
    "partner_worker_user_links": "0",
    "partner_workforce_attestations": "0",
    "passport_connections": "0",
    "passport_observations": "0",
    "passport_payable_mappings": "0",
    "passport_poll_checkpoints": "0",
    "passport_reconciliation_exceptions": "0",
    "passport_refresh_jobs": "0",
    "password_recovery_audit": "0",
    "password_recovery_limits": "0",
    "password_recovery_requests": "0",
    "payment_application_allocations": "0",
    "payment_applications": "0",
    "payment_batches": "0",
    "payment_items": "0",
    "payments": "0",
    "payroll_items": "0",
    "payroll_runs": "0",
    "permissions": "8",
    "prime_correction_policies": "0",
    "production_corrections": "0",
    "production_evidence": "0",
    "production_export_artifacts": "0",
    "production_quantity_reviews": "0",
    "production_records": "0",
    "production_start_authorizations": "0",
    "production_work_item_registry": "0",
    "project_handoff_approvals": "0",
    "project_handoff_checklist_items": "0",
    "project_handoff_risks": "0",
    "project_handoffs": "0",
    "projects": "0",
    "public_intake_limits": "0",
    "public_intake_receipts": "0",
    "qc_reviews": "0",
    "rate_codes": "0",
    "rate_schedules": "0",
    "recommendation_evidence": "0",
    "recommendation_outcomes": "0",
    "recommendations": "0",
    "reconciliation_matches": "0",
    "relationship_maps": "0",
    "relationship_paths": "0",
    "retainage_releases": "0",
    "retained_fund_release_terms": "0",
    "role_permissions": "0",
    "roles": "0",
    "schema_migrations": "102",
    "score_history": "0",
    "settlement_items": "0",
    "settlements": "0",
    "signal_entities": "0",
    "signal_evidence": "0",
    "signals": "0",
    "supplemental_form_assignments": "0",
    "supplemental_form_records": "0",
    "supplemental_form_versions": "0",
    "syncfield_asset_observations": "0",
    "syncfield_coil_commercial_policies": "0",
    "syncfield_coil_observations": "0",
    "syncfield_design_segments": "0",
    "syncfield_field_evidence": "0",
    "syncfield_field_incidents": "0",
    "syncfield_map_assignments": "0",
    "syncfield_map_documents": "0",
    "syncfield_map_pages": "0",
    "syncfield_map_versions": "0",
    "syncfield_map_work_zones": "0",
    "syncfield_production_codes": "0",
    "syncfield_span_completions": "0",
    "syncfield_work_order_production_codes": "0",
    "system_actions": "0",
    "tenant_users": "0",
    "tenants": "1",
    "territories": "0",
    "test_objects": "0",
    "user_roles": "0",
    "users": "0",
    "work_orders": "0",
    "work_safety_approvals": "0",
    "work_safety_controls": "0",
    "workers": "0",
    "workflow_definitions": "0",
    "workflow_escalations": "0",
    "workflow_instances": "0",
    "workflow_notification_attempts": "0",
    "workflow_notifications": "0",
    "workflow_steps": "0",
    "workflow_tasks": "0"
  },
  "restrictedOriginals": 3,
  "dumpSha256": "624a752241fba89f3675d1df9334eb06896eb0924b4413af43f805c6f67d8465",
  "elapsedSeconds": 10,
  "artifacts": "/var/folders/h7/4n8lg1vd7j5cn78q9j4kwy9r0000gp/T/syncos-recovery-AVvc89",
  "restoredFileRoot": "/var/folders/h7/4n8lg1vd7j5cn78q9j4kwy9r0000gp/T/syncos-recovery-AVvc89/restored-files"
}
